Component: ARM Compiler 5.06 update 7 (build 960) Tool: armlink [4d3601]

==============================================================================

Section Cross References

    startup_stm32f427xx.o(STACK) refers (Special) to heapauxi.o(.text) for __use_two_region_memory
    startup_stm32f427xx.o(HEAP) refers (Special) to heapauxi.o(.text) for __use_two_region_memory
    startup_stm32f427xx.o(RESET) refers (Special) to heapauxi.o(.text) for __use_two_region_memory
    startup_stm32f427xx.o(RESET) refers to startup_stm32f427xx.o(STACK) for __initial_sp
    startup_stm32f427xx.o(RESET) refers to startup_stm32f427xx.o(.text) for Reset_Handler
    startup_stm32f427xx.o(RESET) refers to stm32f4xx_it.o(i.NMI_Handler) for NMI_Handler
    startup_stm32f427xx.o(RESET) refers to stm32f4xx_it.o(i.HardFault_Handler) for HardFault_Handler
    startup_stm32f427xx.o(RESET) refers to stm32f4xx_it.o(i.MemManage_Handler) for MemManage_Handler
    startup_stm32f427xx.o(RESET) refers to stm32f4xx_it.o(i.BusFault_Handler) for BusFault_Handler
    startup_stm32f427xx.o(RESET) refers to stm32f4xx_it.o(i.UsageFault_Handler) for UsageFault_Handler
    startup_stm32f427xx.o(RESET) refers to port.o(.emb_text) for SVC_Handler
    startup_stm32f427xx.o(RESET) refers to stm32f4xx_it.o(i.DebugMon_Handler) for DebugMon_Handler
    startup_stm32f427xx.o(RESET) refers to port.o(i.SysTick_Handler) for SysTick_Handler
    startup_stm32f427xx.o(RESET) refers to stm32f4xx_it.o(i.EXTI0_IRQHandler) for EXTI0_IRQHandler
    startup_stm32f427xx.o(RESET) refers to stm32f4xx_it.o(i.EXTI1_IRQHandler) for EXTI1_IRQHandler
    startup_stm32f427xx.o(RESET) refers to stm32f4xx_it.o(i.EXTI2_IRQHandler) for EXTI2_IRQHandler
    startup_stm32f427xx.o(RESET) refers to stm32f4xx_it.o(i.DMA1_Stream1_IRQHandler) for DMA1_Stream1_IRQHandler
    startup_stm32f427xx.o(RESET) refers to stm32f4xx_it.o(i.DMA1_Stream3_IRQHandler) for DMA1_Stream3_IRQHandler
    startup_stm32f427xx.o(RESET) refers to stm32f4xx_it.o(i.DMA1_Stream6_IRQHandler) for DMA1_Stream6_IRQHandler
    startup_stm32f427xx.o(RESET) refers to stm32f4xx_it.o(i.CAN1_RX0_IRQHandler) for CAN1_RX0_IRQHandler
    startup_stm32f427xx.o(RESET) refers to stm32f4xx_it.o(i.USART1_IRQHandler) for USART1_IRQHandler
    startup_stm32f427xx.o(RESET) refers to stm32f4xx_it.o(i.USART3_IRQHandler) for USART3_IRQHandler
    startup_stm32f427xx.o(RESET) refers to stm32f4xx_it.o(i.EXTI15_10_IRQHandler) for EXTI15_10_IRQHandler
    startup_stm32f427xx.o(RESET) refers to stm32f4xx_it.o(i.TIM8_UP_TIM13_IRQHandler) for TIM8_UP_TIM13_IRQHandler
    startup_stm32f427xx.o(RESET) refers to stm32f4xx_it.o(i.DMA2_Stream1_IRQHandler) for DMA2_Stream1_IRQHandler
    startup_stm32f427xx.o(RESET) refers to stm32f4xx_it.o(i.DMA2_Stream2_IRQHandler) for DMA2_Stream2_IRQHandler
    startup_stm32f427xx.o(RESET) refers to stm32f4xx_it.o(i.CAN2_RX0_IRQHandler) for CAN2_RX0_IRQHandler
    startup_stm32f427xx.o(RESET) refers to stm32f4xx_it.o(i.USART6_IRQHandler) for USART6_IRQHandler
    startup_stm32f427xx.o(RESET) refers to stm32f4xx_it.o(i.UART7_IRQHandler) for UART7_IRQHandler
    startup_stm32f427xx.o(RESET) refers to stm32f4xx_it.o(i.UART8_IRQHandler) for UART8_IRQHandler
    startup_stm32f427xx.o(.text) refers (Special) to heapauxi.o(.text) for __use_two_region_memory
    startup_stm32f427xx.o(.text) refers to system_stm32f4xx.o(i.SystemInit) for SystemInit
    startup_stm32f427xx.o(.text) refers to __main.o(!!!main) for __main
    startup_stm32f427xx.o(.text) refers to startup_stm32f427xx.o(HEAP) for Heap_Mem
    startup_stm32f427xx.o(.text) refers to startup_stm32f427xx.o(STACK) for Stack_Mem
    main.o(i.HAL_TIM_PeriodElapsedCallback) refers to stm32f4xx_hal.o(i.HAL_IncTick) for HAL_IncTick
    main.o(i.SystemClock_Config) refers to rt_memclr_w.o(.text) for __aeabi_memclr4
    main.o(i.SystemClock_Config) refers to stm32f4xx_hal_rcc.o(i.HAL_RCC_OscConfig) for HAL_RCC_OscConfig
    main.o(i.SystemClock_Config) refers to stm32f4xx_hal_rcc.o(i.HAL_RCC_ClockConfig) for HAL_RCC_ClockConfig
    main.o(i.main) refers to stm32f4xx_hal.o(i.HAL_Init) for HAL_Init
    main.o(i.main) refers to main.o(i.SystemClock_Config) for SystemClock_Config
    main.o(i.main) refers to gpio.o(i.MX_GPIO_Init) for MX_GPIO_Init
    main.o(i.main) refers to dma.o(i.MX_DMA_Init) for MX_DMA_Init
    main.o(i.main) refers to tim.o(i.MX_TIM12_Init) for MX_TIM12_Init
    main.o(i.main) refers to tim.o(i.MX_TIM2_Init) for MX_TIM2_Init
    main.o(i.main) refers to tim.o(i.MX_TIM4_Init) for MX_TIM4_Init
    main.o(i.main) refers to tim.o(i.MX_TIM5_Init) for MX_TIM5_Init
    main.o(i.main) refers to tim.o(i.MX_TIM8_Init) for MX_TIM8_Init
    main.o(i.main) refers to usart.o(i.MX_UART7_Init) for MX_UART7_Init
    main.o(i.main) refers to usart.o(i.MX_UART8_Init) for MX_UART8_Init
    main.o(i.main) refers to usart.o(i.MX_USART3_UART_Init) for MX_USART3_UART_Init
    main.o(i.main) refers to usart.o(i.MX_USART6_UART_Init) for MX_USART6_UART_Init
[...]
    SPI5_IRQHandler                          0x08000347   Thumb Code     0  startup_stm32f427xx.o(.text)
    SPI6_IRQHandler                          0x08000347   Thumb Code     0  startup_stm32f427xx.o(.text)
    TAMP_STAMP_IRQHandler                    0x08000347   Thumb Code     0  startup_stm32f427xx.o(.text)
    TIM1_BRK_TIM9_IRQHandler                 0x08000347   Thumb Code     0  startup_stm32f427xx.o(.text)
    TIM1_CC_IRQHandler                       0x08000347   Thumb Code     0  startup_stm32f427xx.o(.text)
    TIM1_TRG_COM_TIM11_IRQHandler            0x08000347   Thumb Code     0  startup_stm32f427xx.o(.text)
    TIM1_UP_TIM10_IRQHandler                 0x08000347   Thumb Code     0  startup_stm32f427xx.o(.text)
    TIM2_IRQHandler                          0x08000347   Thumb Code     0  startup_stm32f427xx.o(.text)
    TIM3_IRQHandler                          0x08000347   Thumb Code     0  startup_stm32f427xx.o(.text)
    TIM4_IRQHandler                          0x08000347   Thumb Code     0  startup_stm32f427xx.o(.text)
    TIM5_IRQHandler                          0x08000347   Thumb Code     0  startup_stm32f427xx.o(.text)
    TIM6_DAC_IRQHandler                      0x08000347   Thumb Code     0  startup_stm32f427xx.o(.text)
    TIM7_IRQHandler                          0x08000347   Thumb Code     0  startup_stm32f427xx.o(.text)
    TIM8_BRK_TIM12_IRQHandler                0x08000347   Thumb Code     0  startup_stm32f427xx.o(.text)
    TIM8_CC_IRQHandler                       0x08000347   Thumb Code     0  startup_stm32f427xx.o(.text)
    TIM8_TRG_COM_TIM14_IRQHandler            0x08000347   Thumb Code     0  startup_stm32f427xx.o(.text)
    UART4_IRQHandler                         0x08000347   Thumb Code     0  startup_stm32f427xx.o(.text)
    UART5_IRQHandler                         0x08000347   Thumb Code     0  startup_stm32f427xx.o(.text)
    USART2_IRQHandler                        0x08000347   Thumb Code     0  startup_stm32f427xx.o(.text)
    WWDG_IRQHandler                          0x08000347   Thumb Code     0  startup_stm32f427xx.o(.text)
    __user_initial_stackheap                 0x08000349   Thumb Code     0  startup_stm32f427xx.o(.text)
    __aeabi_uldivmod                         0x0800036d   Thumb Code     0  lludivv7m.o(.text)
    _ll_udiv                                 0x0800036d   Thumb Code   238  lludivv7m.o(.text)
    __aeabi_memcpy4                          0x0800045b   Thumb Code     0  rt_memcpy_w.o(.text)
    __aeabi_memcpy8                          0x0800045b   Thumb Code     0  rt_memcpy_w.o(.text)
    __rt_memcpy_w                            0x0800045b   Thumb Code   100  rt_memcpy_w.o(.text)
    _memcpy_lastbytes_aligned                0x080004a3   Thumb Code     0  rt_memcpy_w.o(.text)
    __aeabi_memclr4                          0x080004bf   Thumb Code     0  rt_memclr_w.o(.text)
    __aeabi_memclr8                          0x080004bf   Thumb Code     0  rt_memclr_w.o(.text)
    __rt_memclr_w                            0x080004bf   Thumb Code    78  rt_memclr_w.o(.text)
    _memset_w                                0x080004c3   Thumb Code     0  rt_memclr_w.o(.text)
    __use_two_region_memory                  0x0800050d   Thumb Code     2  heapauxi.o(.text)
    __rt_heap_escrow$2region                 0x0800050f   Thumb Code     2  heapauxi.o(.text)
    __rt_heap_expand$2region                 0x08000511   Thumb Code     2  heapauxi.o(.text)
    __read_errno                             0x08000513   Thumb Code    10  _rserrno.o(.text)
    __set_errno                              0x0800051d   Thumb Code    12  _rserrno.o(.text)
    __aeabi_errno_addr                       0x08000529   Thumb Code     8  rt_errno_addr_intlibspace.o(.text)
    __errno$intlibspace                      0x08000529   Thumb Code     0  rt_errno_addr_intlibspace.o(.text)
    __rt_errno_addr$intlibspace              0x08000529   Thumb Code     0  rt_errno_addr_intlibspace.o(.text)
    __user_libspace                          0x08000531   Thumb Code     8  libspace.o(.text)
    __user_perproc_libspace                  0x08000531   Thumb Code     0  libspace.o(.text)
    __user_perthread_libspace                0x08000531   Thumb Code     0  libspace.o(.text)
    __user_setup_stackheap                   0x08000539   Thumb Code    74  sys_stackheap_outer.o(.text)
    exit                                     0x08000583   Thumb Code    18  exit.o(.text)
    _sys_exit                                0x08000595   Thumb Code     8  sys_exit.o(.text)
    __I$use$semihosting                      0x080005a1   Thumb Code     0  use_no_semi.o(.text)
    __use_no_semihosting_swi                 0x080005a1   Thumb Code     2  use_no_semi.o(.text)
    __semihosting_library_function           0x080005a3   Thumb Code     0  indicate_semi.o(.text)
    AS5600_INIT_TASK                         0x080005a5   Thumb Code    22  task_user.o(i.AS5600_INIT_TASK)
    BeginWarnBuzzer                          0x080005c1   Thumb Code    70  buzzer_bsp.o(i.BeginWarnBuzzer)
    BusFault_Handler                         0x08000611   Thumb Code     2  stm32f4xx_it.o(i.BusFault_Handler)
    CAN1_RX0_IRQHandler                      0x08000615   Thumb Code     6  stm32f4xx_it.o(i.CAN1_RX0_IRQHandler)
    CAN2_RX0_IRQHandler                      0x08000621   Thumb Code     6  stm32f4xx_it.o(i.CAN2_RX0_IRQHandler)
    DMA1_Stream1_IRQHandler                  0x0800062d   Thumb Code     6  stm32f4xx_it.o(i.DMA1_Stream1_IRQHandler)
    DMA1_Stream3_IRQHandler                  0x08000639   Thumb Code     6  stm32f4xx_it.o(i.DMA1_Stream3_IRQHandler)
    DMA1_Stream6_IRQHandler                  0x08000645   Thumb Code     6  stm32f4xx_it.o(i.DMA1_Stream6_IRQHandler)
    DMA2_Stream1_IRQHandler                  0x08000651   Thumb Code     6  stm32f4xx_it.o(i.DMA2_Stream1_IRQHandler)
    DMA2_Stream2_IRQHandler                  0x0800065d   Thumb Code     6  stm32f4xx_it.o(i.DMA2_Stream2_IRQHandler)
    DebugMon_Handler                         0x0800070d   Thumb Code     2  stm32f4xx_it.o(i.DebugMon_Handler)
    Delay_jy61p                              0x0800070f   Thumb Code     8  delay_bsp.o(i.Delay_jy61p)
    EXTI0_IRQHandler                         0x08000717   Thumb Code     6  stm32f4xx_it.o(i.EXTI0_IRQHandler)
    EXTI15_10_IRQHandler                     0x0800071d   Thumb Code     8  stm32f4xx_it.o(i.EXTI15_10_IRQHandler)
    EXTI1_IRQHandler                         0x08000725   Thumb Code     6  stm32f4xx_it.o(i.EXTI1_IRQHandler)
    EXTI2_IRQHandler                         0x0800072b   Thumb Code     6  stm32f4xx_it.o(i.EXTI2_IRQHandler)
    Error_Handler                            0x08000731   Thumb Code     2  main.o(i.Error_Handler)
    Get_Data                                 0x08000735   Thumb Code   256  usart_bsp.o(i.Get_Data)
    HAL_CAN_ActivateNotification             0x08000849   Thumb Code    36  stm32f4xx_hal_can.o(i.HAL_CAN_ActivateNotification)
    HAL_CAN_ConfigFilter                     0x0800086d   Thumb Code   262  stm32f4xx_hal_can.o(i.HAL_CAN_ConfigFilter)
    HAL_CAN_ErrorCallback                    0x08000979   Thumb Code     2  stm32f4xx_hal_can.o(i.HAL_CAN_ErrorCallback)
    HAL_CAN_GetRxMessage                     0x0800097b   Thumb Code   232  stm32f4xx_hal_can.o(i.HAL_CAN_GetRxMessage)
    HAL_CAN_IRQHandler                       0x08000a63   Thumb Code   508  stm32f4xx_hal_can.o(i.HAL_CAN_IRQHandler)
    HAL_CAN_Init                             0x08000c5f   Thumb Code   282  stm32f4xx_hal_can.o(i.HAL_CAN_Init)
    HAL_CAN_MspInit                          0x08000d79   Thumb Code   228  can.o(i.HAL_CAN_MspInit)
    HAL_CAN_RxFifo0FullCallback              0x08000e75   Thumb Code     2  stm32f4xx_hal_can.o(i.HAL_CAN_RxFifo0FullCallback)
    HAL_CAN_RxFifo0MsgPendingCallback        0x08000e79   Thumb Code   450  can_bsp.o(i.HAL_CAN_RxFifo0MsgPendingCallback)
    HAL_CAN_RxFifo1FullCallback              0x08001059   Thumb Code     2  stm32f4xx_hal_can.o(i.HAL_CAN_RxFifo1FullCallback)
    HAL_CAN_RxFifo1MsgPendingCallback        0x0800105b   Thumb Code     2  stm32f4xx_hal_can.o(i.HAL_CAN_RxFifo1MsgPendingCallback)
    HAL_CAN_SleepCallback                    0x0800105d   Thumb Code     2  stm32f4xx_hal_can.o(i.HAL_CAN_SleepCallback)
    HAL_CAN_Start                            0x08001061   Thumb Code    88  stm32f4xx_hal_can.o(i.HAL_CAN_Start)
    HAL_CAN_TxMailbox0AbortCallback          0x080010b9   Thumb Code     2  stm32f4xx_hal_can.o(i.HAL_CAN_TxMailbox0AbortCallback)
    HAL_CAN_TxMailbox0CompleteCallback       0x080010bb   Thumb Code     2  stm32f4xx_hal_can.o(i.HAL_CAN_TxMailbox0CompleteCallback)
    HAL_CAN_TxMailbox1AbortCallback          0x080010bd   Thumb Code     2  stm32f4xx_hal_can.o(i.HAL_CAN_TxMailbox1AbortCallback)
    HAL_CAN_TxMailbox1CompleteCallback       0x080010bf   Thumb Code     2  stm32f4xx_hal_can.o(i.HAL_CAN_TxMailbox1CompleteCallback)
    HAL_CAN_TxMailbox2AbortCallback          0x080010c1   Thumb Code     2  stm32f4xx_hal_can.o(i.HAL_CAN_TxMailbox2AbortCallback)
    HAL_CAN_TxMailbox2CompleteCallback       0x080010c3   Thumb Code     2  stm32f4xx_hal_can.o(i.HAL_CAN_TxMailbox2CompleteCallback)
    HAL_CAN_WakeUpFromRxMsgCallback          0x080010c5   Thumb Code     2  stm32f4xx_hal_can.o(i.HAL_CAN_WakeUpFromRxMsgCallback)
    HAL_DMA_Abort                            0x080010c7   Thumb Code   146  stm32f4xx_hal_dma.o(i.HAL_DMA_Abort)
    HAL_DMA_Abort_IT                         0x08001159   Thumb Code    36  stm32f4xx_hal_dma.o(i.HAL_DMA_Abort_IT)
    HAL_DMA_IRQHandler                       0x0800117d   Thumb Code   412  stm32f4xx_hal_dma.o(i.HAL_DMA_IRQHandler)
    HAL_DMA_Init                             0x0800131d   Thumb Code   206  stm32f4xx_hal_dma.o(i.HAL_DMA_Init)
    HAL_DMA_Start_IT                         0x080013f1   Thumb Code   110  stm32f4xx_hal_dma.o(i.HAL_DMA_Start_IT)
    HAL_Delay                                0x08001461   Thumb Code    32  stm32f4xx_hal.o(i.HAL_Delay)
    HAL_GPIO_EXTI_Callback                   0x08001485   Thumb Code     2  stm32f4xx_hal_gpio.o(i.HAL_GPIO_EXTI_Callback)
    HAL_GPIO_EXTI_IRQHandler                 0x08001489   Thumb Code    18  stm32f4xx_hal_gpio.o(i.HAL_GPIO_EXTI_IRQHandler)
    HAL_GPIO_Init                            0x080014a1   Thumb Code   510  stm32f4xx_hal_gpio.o(i.HAL_GPIO_Init)
    HAL_GPIO_WritePin                        0x080016d5   Thumb Code    10  stm32f4xx_hal_gpio.o(i.HAL_GPIO_WritePin)
    HAL_GetTick                              0x080016e1   Thumb Code     6  stm32f4xx_hal.o(i.HAL_GetTick)
    HAL_IncTick                              0x080016ed   Thumb Code    12  stm32f4xx_hal.o(i.HAL_IncTick)
    HAL_Init                                 0x080016fd   Thumb Code    48  stm32f4xx_hal.o(i.HAL_Init)
    HAL_InitTick                             0x08001731   Thumb Code   132  stm32f4xx_hal_timebase_tim.o(i.HAL_InitTick)
    HAL_MspInit                              0x080017c9   Thumb Code    52  stm32f4xx_hal_msp.o(i.HAL_MspInit)
    HAL_NVIC_EnableIRQ                       0x08001801   Thumb Code    26  stm32f4xx_hal_cortex.o(i.HAL_NVIC_EnableIRQ)
    HAL_NVIC_SetPriority                     0x0800181d   Thumb Code    60  stm32f4xx_hal_cortex.o(i.HAL_NVIC_SetPriority)
    HAL_NVIC_SetPriorityGrouping             0x0800185d   Thumb Code    26  stm32f4xx_hal_cortex.o(i.HAL_NVIC_SetPriorityGrouping)
    HAL_RCC_ClockConfig                      0x08001881   Thumb Code   288  stm32f4xx_hal_rcc.o(i.HAL_RCC_ClockConfig)
    HAL_RCC_GetClockConfig                   0x080019b5   Thumb Code    54  stm32f4xx_hal_rcc.o(i.HAL_RCC_GetClockConfig)
    HAL_RCC_GetPCLK1Freq                     0x080019f5   Thumb Code    20  stm32f4xx_hal_rcc.o(i.HAL_RCC_GetPCLK1Freq)
    HAL_RCC_GetPCLK2Freq                     0x08001a15   Thumb Code    20  stm32f4xx_hal_rcc.o(i.HAL_RCC_GetPCLK2Freq)
    HAL_RCC_GetSysClockFreq                  0x08001a35   Thumb Code    88  stm32f4xx_hal_rcc.o(i.HAL_RCC_GetSysClockFreq)
    HAL_RCC_OscConfig                        0x08001a99   Thumb Code   856  stm32f4xx_hal_rcc.o(i.HAL_RCC_OscConfig)
    HAL_SPI_Init                             0x08001e05   Thumb Code   188  stm32f4xx_hal_spi.o(i.HAL_SPI_Init)
    HAL_SPI_MspInit                          0x08001ec1   Thumb Code    94  spi.o(i.HAL_SPI_MspInit)
    HAL_SPI_TransmitReceive                  0x08001f2d   Thumb Code   482  stm32f4xx_hal_spi.o(i.HAL_SPI_TransmitReceive)
    HAL_TIMEx_BreakCallback                  0x0800210f   Thumb Code     2  stm32f4xx_hal_tim_ex.o(i.HAL_TIMEx_BreakCallback)
    HAL_TIMEx_CommutCallback                 0x08002111   Thumb Code     2  stm32f4xx_hal_tim_ex.o(i.HAL_TIMEx_CommutCallback)
    HAL_TIMEx_ConfigBreakDeadTime            0x08002113   Thumb Code    84  stm32f4xx_hal_tim_ex.o(i.HAL_TIMEx_ConfigBreakDeadTime)
    HAL_TIMEx_MasterConfigSynchronization    0x08002169   Thumb Code   116  stm32f4xx_hal_tim_ex.o(i.HAL_TIMEx_MasterConfigSynchronization)
    HAL_TIM_Base_Init                        0x080021f9   Thumb Code    90  stm32f4xx_hal_tim.o(i.HAL_TIM_Base_Init)
    HAL_TIM_Base_MspInit                     0x08002255   Thumb Code   164  tim.o(i.HAL_TIM_Base_MspInit)
    HAL_TIM_Base_Start                       0x08002311   Thumb Code    90  stm32f4xx_hal_tim.o(i.HAL_TIM_Base_Start)
    HAL_TIM_Base_Start_IT                    0x08002389   Thumb Code   100  stm32f4xx_hal_tim.o(i.HAL_TIM_Base_Start_IT)
    HAL_TIM_ConfigClockSource                0x08002409   Thumb Code   220  stm32f4xx_hal_tim.o(i.HAL_TIM_ConfigClockSource)
    HAL_TIM_IC_CaptureCallback               0x080024e5   Thumb Code     2  stm32f4xx_hal_tim.o(i.HAL_TIM_IC_CaptureCallback)
    HAL_TIM_IRQHandler                       0x080024e7   Thumb Code   358  stm32f4xx_hal_tim.o(i.HAL_TIM_IRQHandler)
    HAL_TIM_MspPostInit                      0x0800264d   Thumb Code   310  tim.o(i.HAL_TIM_MspPostInit)
    HAL_TIM_OC_DelayElapsedCallback          0x080027b1   Thumb Code     2  stm32f4xx_hal_tim.o(i.HAL_TIM_OC_DelayElapsedCallback)
    HAL_TIM_PWM_ConfigChannel                0x080027b3   Thumb Code   204  stm32f4xx_hal_tim.o(i.HAL_TIM_PWM_ConfigChannel)
    HAL_TIM_PWM_Init                         0x0800287f   Thumb Code    90  stm32f4xx_hal_tim.o(i.HAL_TIM_PWM_Init)
    HAL_TIM_PWM_MspInit                      0x080028d9   Thumb Code     2  stm32f4xx_hal_tim.o(i.HAL_TIM_PWM_MspInit)
    HAL_TIM_PWM_PulseFinishedCallback        0x080028db   Thumb Code     2  stm32f4xx_hal_tim.o(i.HAL_TIM_PWM_PulseFinishedCallback)
    HAL_TIM_PWM_Start                        0x080028dd   Thumb Code   172  stm32f4xx_hal_tim.o(i.HAL_TIM_PWM_Start)
    HAL_TIM_PeriodElapsedCallback            0x080029a5   Thumb Code    14  main.o(i.HAL_TIM_PeriodElapsedCallback)
    HAL_TIM_TriggerCallback                  0x080029b9   Thumb Code     2  stm32f4xx_hal_tim.o(i.HAL_TIM_TriggerCallback)
    HAL_UARTEx_RxEventCallback               0x080029bb   Thumb Code     2  stm32f4xx_hal_uart.o(i.HAL_UARTEx_RxEventCallback)
    HAL_UART_DMAStop                         0x080029bd   Thumb Code   112  stm32f4xx_hal_uart.o(i.HAL_UART_DMAStop)
    HAL_UART_ErrorCallback                   0x08002a2d   Thumb Code     2  stm32f4xx_hal_uart.o(i.HAL_UART_ErrorCallback)
    HAL_UART_IRQHandler                      0x08002a31   Thumb Code   610  stm32f4xx_hal_uart.o(i.HAL_UART_IRQHandler)
    HAL_UART_Init                            0x08002c99   Thumb Code    98  stm32f4xx_hal_uart.o(i.HAL_UART_Init)
    HAL_UART_MspInit                         0x08002cfd   Thumb Code   684  usart.o(i.HAL_UART_MspInit)
    HAL_UART_Receive_DMA                     0x08002fe1   Thumb Code    42  stm32f4xx_hal_uart.o(i.HAL_UART_Receive_DMA)
    HAL_UART_RxCpltCallback                  0x0800300b   Thumb Code     2  stm32f4xx_hal_uart.o(i.HAL_UART_RxCpltCallback)
    HAL_UART_RxHalfCpltCallback              0x0800300d   Thumb Code     2  stm32f4xx_hal_uart.o(i.HAL_UART_RxHalfCpltCallback)
    HAL_UART_TxCpltCallback                  0x0800300f   Thumb Code     2  stm32f4xx_hal_uart.o(i.HAL_UART_TxCpltCallback)
    HardFault_Handler                        0x08003011   Thumb Code     2  stm32f4xx_it.o(i.HardFault_Handler)
    IMU_TASK                                 0x08003015   Thumb Code    36  task_user.o(i.IMU_TASK)
    LED_ON                                   0x08003041   Thumb Code    42  led_bsp.o(i.LED_ON)
    Laser_decoding                           0x08003079   Thumb Code   346  usart_bsp.o(i.Laser_decoding)
    MX_CAN1_Init                             0x080031e5   Thumb Code    60  can.o(i.MX_CAN1_Init)
    MX_CAN2_Init                             0x08003229   Thumb Code    60  can.o(i.MX_CAN2_Init)
    MX_DMA_Init                              0x0800326d   Thumb Code   120  dma.o(i.MX_DMA_Init)
    MX_FREERTOS_Init                         0x080032e9   Thumb Code    30  freertos.o(i.MX_FREERTOS_Init)
    MX_GPIO_Init                             0x08003311   Thumb Code   512  gpio.o(i.MX_GPIO_Init)
    MX_SPI5_Init                             0x08003529   Thumb Code    60  spi.o(i.MX_SPI5_Init)
    MX_TIM12_Init                            0x0800356d   Thumb Code   120  tim.o(i.MX_TIM12_Init)
    MX_TIM2_Init                             0x080035ed   Thumb Code   192  tim.o(i.MX_TIM2_Init)
    MX_TIM3_Init                             0x080036b1   Thumb Code   142  tim.o(i.MX_TIM3_Init)
    MX_TIM4_Init                             0x08003749   Thumb Code   192  tim.o(i.MX_TIM4_Init)
    MX_TIM5_Init                             0x08003811   Thumb Code   190  tim.o(i.MX_TIM5_Init)
    MX_TIM8_Init                             0x080038d9   Thumb Code   240  tim.o(i.MX_TIM8_Init)
    MX_UART7_Init                            0x080039d1   Thumb Code    76  usart.o(i.MX_UART7_Init)
    MX_UART8_Init                            0x08003a29   Thumb Code    76  usart.o(i.MX_UART8_Init)
    MX_USART1_UART_Init                      0x08003a81   Thumb Code    50  usart.o(i.MX_USART1_UART_Init)
    MX_USART3_UART_Init                      0x08003ac1   Thumb Code    64  usart.o(i.MX_USART3_UART_Init)
    MX_USART6_UART_Init                      0x08003b09   Thumb Code    76  usart.o(i.MX_USART6_UART_Init)
    MemManage_Handler                        0x08003b61   Thumb Code     2  stm32f4xx_it.o(i.MemManage_Handler)
    NMI_Handler                              0x08003b63   Thumb Code     2  stm32f4xx_it.o(i.NMI_Handler)
    PID_init                                 0x08003b65   Thumb Code   954  chassis.o(i.PID_init)
    PWM_init                                 0x08003f55   Thumb Code   260  pwm_bsp.o(i.PWM_init)
    RC_init                                  0x08004075   Thumb Code    84  rc_bsp.o(i.RC_init)
    StartDefaultTask                         0x080041e5   Thumb Code     8  freertos.o(i.StartDefaultTask)
    SysTick_Handler                          0x080041ed   Thumb Code    38  port.o(i.SysTick_Handler)
    SystemClock_Config                       0x08004219   Thumb Code   136  main.o(i.SystemClock_Config)
    SystemInit                               0x080042a9   Thumb Code    12  system_stm32f4xx.o(i.SystemInit)
    TEST_TASK                                0x080042b9   Thumb Code     8  task_user.o(i.TEST_TASK)
    TIM8_UP_TIM13_IRQHandler                 0x080042c1   Thumb Code    18  stm32f4xx_it.o(i.TIM8_UP_TIM13_IRQHandler)
    TIM_Base_SetConfig                       0x080042dd   Thumb Code   156  stm32f4xx_hal_tim.o(i.TIM_Base_SetConfig)
    TIM_CCxChannelCmd                        0x080043a5   Thumb Code    26  stm32f4xx_hal_tim.o(i.TIM_CCxChannelCmd)
    TIM_ETR_SetConfig                        0x080043bf   Thumb Code    20  stm32f4xx_hal_tim.o(i.TIM_ETR_SetConfig)
    TIM_OC2_SetConfig                        0x08004445   Thumb Code    98  stm32f4xx_hal_tim.o(i.TIM_OC2_SetConfig)
    UART7_IRQHandler                         0x080045b1   Thumb Code   104  stm32f4xx_it.o(i.UART7_IRQHandler)
    UART8_IRQHandler                         0x0800462d   Thumb Code   104  stm32f4xx_it.o(i.UART8_IRQHandler)
    UART_Start_Receive_DMA                   0x080049d5   Thumb Code   134  stm32f4xx_hal_uart.o(i.UART_Start_Receive_DMA)
    USART1_IRQHandler                        0x08004a69   Thumb Code   160  stm32f4xx_it.o(i.USART1_IRQHandler)
    USART3_IRQHandler                        0x08004b25   Thumb Code   104  stm32f4xx_it.o(i.USART3_IRQHandler)
    USART6_IRQHandler                        0x08004ba1   Thumb Code   104  stm32f4xx_it.o(i.USART6_IRQHandler)
    UsageFault_Handler                       0x08004c1d   Thumb Code     2  stm32f4xx_it.o(i.UsageFault_Handler)
    __ARM_fpclassify                         0x08004c1f   Thumb Code    48  fpclassify.o(i.__ARM_fpclassify)
    __hardfp_asin                            0x08004c71   Thumb Code   770  asin.o(i.__hardfp_asin)
    __hardfp_atan                            0x08004fd1   Thumb Code   622  atan.o(i.__hardfp_atan)
    __hardfp_atan2                           0x080052a9   Thumb Code   448  atan2.o(i.__hardfp_atan2)
    __hardfp_fabs                            0x080054a9   Thumb Code    20  fabs.o(i.__hardfp_fabs)
    __hardfp_sqrt                            0x080054bd   Thumb Code   122  sqrt.o(i.__hardfp_sqrt)
    __kernel_poly                            0x08005537   Thumb Code   248  poly.o(i.__kernel_poly)
    __mathlib_dbl_infnan                     0x0800562f   Thumb Code    20  dunder.o(i.__mathlib_dbl_infnan)
    __mathlib_dbl_infnan2                    0x08005643   Thumb Code    20  dunder.o(i.__mathlib_dbl_infnan2)
    __mathlib_dbl_invalid                    0x08005659   Thumb Code    24  dunder.o(i.__mathlib_dbl_invalid)
    __mathlib_dbl_underflow                  0x08005679   Thumb Code    24  dunder.o(i.__mathlib_dbl_underflow)
    as5600_init                              0x08005699   Thumb Code    22  as5600.o(i.as5600_init)
    atan                                     0x080056af   Thumb Code    16  atan.o(i.atan)
    buzzer_on                                0x080056c1   Thumb Code    54  buzzer_bsp.o(i.buzzer_on)
    can_filter_init                          0x08005709   Thumb Code    80  can_bsp.o(i.can_filter_init)
    chassis_init                             0x08005761   Thumb Code    52  chassis.o(i.chassis_init)
    fabs                                     0x080057a1   Thumb Code    24  fabs.o(i.fabs)
    iic1_init                                0x080057b9   Thumb Code   122  iic_bsp.o(i.iic1_init)
    iic2_init                                0x0800583d   Thumb Code   128  iic_bsp.o(i.iic2_init)
    iic2_stop                                0x080058c5   Thumb Code    56  iic_bsp.o(i.iic2_stop)
    iic3_init                                0x08005901   Thumb Code   120  iic_bsp.o(i.iic3_init)
    iic3_stop                                0x08005985   Thumb Code    56  iic_bsp.o(i.iic3_stop)
    iic4_init                                0x080059c5   Thumb Code   122  iic_bsp.o(i.iic4_init)
    iic4_stop                                0x08005a4d   Thumb Code    56  iic_bsp.o(i.iic4_stop)
    imu_ahrs_update                          0x08005a8d   Thumb Code  1194  imu_bsp.o(i.imu_ahrs_update)
    imu_attitude_update                      0x08005f39   Thumb Code   346  imu_bsp.o(i.imu_attitude_update)
    imu_info                                 0x080060ad   Thumb Code    58  imu_bsp.o(i.imu_info)
    imu_init                                 0x080060f5   Thumb Code    32  imu_bsp.o(i.imu_init)
    init_quaternion                          0x0800611d   Thumb Code   360  imu_bsp.o(i.init_quaternion)
    inv_sqrt                                 0x080062e9   Thumb Code    40  imu_bsp.o(i.inv_sqrt)
    ist8310_get_data                         0x08006315   Thumb Code    10  imu_bsp.o(i.ist8310_get_data)
    ist8310_init                             0x0800631f   Thumb Code   256  imu_bsp.o(i.ist8310_init)
    jy61p_read                               0x08006499   Thumb Code   390  usart_bsp.o(i.jy61p_read)
    main                                     0x08006641   Thumb Code   122  main.o(i.main)
    mpu_device_init                          0x080066cd   Thumb Code    90  imu_bsp.o(i.mpu_device_init)
    mpu_get_data                             0x08006731   Thumb Code   234  imu_bsp.o(i.mpu_get_data)
    mpu_offset_call                          0x080068c1   Thumb Code   162  imu_bsp.o(i.mpu_offset_call)
    mpu_read_byte                            0x08006969   Thumb Code    68  imu_bsp.o(i.mpu_read_byte)
    mpu_read_bytes                           0x080069b9   Thumb Code    80  imu_bsp.o(i.mpu_read_bytes)
    mpu_set_accel_fsr                        0x08006a15   Thumb Code    10  imu_bsp.o(i.mpu_set_accel_fsr)
    mpu_set_gyro_fsr                         0x08006a1f   Thumb Code    10  imu_bsp.o(i.mpu_set_gyro_fsr)
    mpu_write_byte                           0x08006a29   Thumb Code    72  imu_bsp.o(i.mpu_write_byte)
    osDelay                                  0x08006a7d   Thumb Code    14  cmsis_os.o(i.osDelay)
    osKernelStart                            0x08006a8b   Thumb Code    10  cmsis_os.o(i.osKernelStart)
    osThreadCreate                           0x08006a95   Thumb Code    84  cmsis_os.o(i.osThreadCreate)
    pid_init                                 0x08006bb9   Thumb Code    14  pid_bsp.o(i.pid_init)
    pid_reset                                0x08006c05   Thumb Code    16  pid_bsp.o(i.pid_reset)
    pvPortMalloc                             0x08006f65   Thumb Code   216  heap_4.o(i.pvPortMalloc)
    pxPortInitialiseStack                    0x08007041   Thumb Code    40  port.o(i.pxPortInitialiseStack)
    remote_control_init                      0x0800706d   Thumb Code    12  rc_bsp.o(i.remote_control_init)
    sbus_to_rc                               0x0800707d   Thumb Code   178  rc_bsp.o(i.sbus_to_rc)
    sqrt                                     0x0800712f   Thumb Code   110  sqrt.o(i.sqrt)
    startTast                                0x0800719d   Thumb Code    24  task_user.o(i.startTast)
    start_task                               0x080071c9   Thumb Code    92  task_user.o(i.start_task)
    thermostatic_control                     0x08007261   Thumb Code   184  imu_bsp.o(i.thermostatic_control)
    uxListRemove                             0x08007329   Thumb Code    38  list.o(i.uxListRemove)
    vApplicationGetIdleTaskMemory            0x08007351   Thumb Code    16  freertos.o(i.vApplicationGetIdleTaskMemory)
    vListInitialise                          0x08007365   Thumb Code    22  list.o(i.vListInitialise)
    vListInitialiseItem                      0x0800737b   Thumb Code     6  list.o(i.vListInitialiseItem)
    vListInsert                              0x08007381   Thumb Code    48  list.o(i.vListInsert)
    vListInsertEnd                           0x080073b1   Thumb Code    24  list.o(i.vListInsertEnd)
    vPortEnterCritical                       0x080073c9   Thumb Code    54  port.o(i.vPortEnterCritical)
    vPortExitCritical                        0x08007409   Thumb Code    34  port.o(i.vPortExitCritical)
    vPortFree                                0x08007431   Thumb Code    94  heap_4.o(i.vPortFree)
    vPortSetupTimerInterrupt                 0x08007495   Thumb Code    32  port.o(i.vPortSetupTimerInterrupt)
    vTaskDelay                               0x080074b9   Thumb Code    66  tasks.o(i.vTaskDelay)
    vTaskDelete                              0x08007505   Thumb Code   158  tasks.o(i.vTaskDelete)
    vTaskStartScheduler                      0x080075b1   Thumb Code    90  tasks.o(i.vTaskStartScheduler)
    vTaskSuspendAll                          0x0800761d   Thumb Code    10  tasks.o(i.vTaskSuspendAll)
    vTaskSwitchContext                       0x0800762d   Thumb Code    82  tasks.o(i.vTaskSwitchContext)
    xPortStartScheduler                      0x08007689   Thumb Code   222  port.o(i.xPortStartScheduler)
    xTaskCreate                              0x0800777d   Thumb Code    90  tasks.o(i.xTaskCreate)
    xTaskCreateStatic                        0x080077d7   Thumb Code    86  tasks.o(i.xTaskCreateStatic)
    xTaskIncrementTick                       0x0800782d   Thumb Code   194  tasks.o(i.xTaskIncrementTick)
    xTaskResumeAll                           0x080078f9   Thumb Code   182  tasks.o(i.xTaskResumeAll)
    __aeabi_dneg                             0x080079bd   Thumb Code     0  basic.o(x$fpl$basic)
    _dneg                                    0x080079bd   Thumb Code     6  basic.o(x$fpl$basic)
    __aeabi_fneg                             0x080079c3   Thumb Code     0  basic.o(x$fpl$basic)
    _fneg                                    0x080079c3   Thumb Code     6  basic.o(x$fpl$basic)
    _dabs                                    0x080079c9   Thumb Code     6  basic.o(x$fpl$basic)
    _fabs                                    0x080079cf   Thumb Code     6  basic.o(x$fpl$basic)
    __aeabi_d2f                              0x080079d5   Thumb Code     0  d2f.o(x$fpl$d2f)
    _d2f                                     0x080079d5   Thumb Code    98  d2f.o(x$fpl$d2f)
    __aeabi_dadd                             0x08007a39   Thumb Code     0  daddsub_clz.o(x$fpl$dadd)
    _dadd                                    0x08007a39   Thumb Code   332  daddsub_clz.o(x$fpl$dadd)
    __fpl_dcmp_Inf                           0x08007b89   Thumb Code    24  dcmpi.o(x$fpl$dcmpinf)
    __aeabi_ddiv                             0x08007ba1   Thumb Code     0  ddiv.o(x$fpl$ddiv)
    _ddiv                                    0x08007ba1   Thumb Code   552  ddiv.o(x$fpl$ddiv)
    __aeabi_cdcmpeq                          0x08007e51   Thumb Code     0  deqf.o(x$fpl$deqf)
    _dcmpeq                                  0x08007e51   Thumb Code   120  deqf.o(x$fpl$deqf)
    __aeabi_d2uiz                            0x08007ec9   Thumb Code     0  dfixu.o(x$fpl$dfixu)
    _dfixu                                   0x08007ec9   Thumb Code    90  dfixu.o(x$fpl$dfixu)
    __aeabi_i2d                              0x08007f23   Thumb Code     0  dflt_clz.o(x$fpl$dflt)
    _dflt                                    0x08007f23   Thumb Code    46  dflt_clz.o(x$fpl$dflt)
    __aeabi_ui2d                             0x08007f51   Thumb Code     0  dflt_clz.o(x$fpl$dfltu)
    _dfltu                                   0x08007f51   Thumb Code    38  dflt_clz.o(x$fpl$dfltu)
    __aeabi_cdcmple                          0x08007f79   Thumb Code     0  dleqf.o(x$fpl$dleqf)
    _dcmple                                  0x08007f79   Thumb Code   120  dleqf.o(x$fpl$dleqf)
    __fpl_dcmple_InfNaN                      0x08007fdb   Thumb Code     0  dleqf.o(x$fpl$dleqf)
    __aeabi_dmul                             0x08007ff1   Thumb Code     0  dmul.o(x$fpl$dmul)
    _dmul                                    0x08007ff1   Thumb Code   332  dmul.o(x$fpl$dmul)
    __fpl_dnaninf                            0x08008145   Thumb Code   156  dnaninf.o(x$fpl$dnaninf)
    __fpl_dretinf                            0x080081e1   Thumb Code    12  dretinf.o(x$fpl$dretinf)
    __aeabi_cdrcmple                         0x080081ed   Thumb Code     0  drleqf.o(x$fpl$drleqf)
    _drcmple                                 0x080081ed   Thumb Code   108  drleqf.o(x$fpl$drleqf)
    __aeabi_drsub                            0x08008259   Thumb Code     0  daddsub_clz.o(x$fpl$drsb)
    _drsb                                    0x08008259   Thumb Code    22  daddsub_clz.o(x$fpl$drsb)
    _dsqrt                                   0x08008271   Thumb Code   404  dsqrt_umaal.o(x$fpl$dsqrt)
    __aeabi_dsub                             0x08008409   Thumb Code     0  daddsub_clz.o(x$fpl$dsub)
    _dsub                                    0x08008409   Thumb Code   464  daddsub_clz.o(x$fpl$dsub)
    __aeabi_f2d                              0x080085dd   Thumb Code     0  f2d.o(x$fpl$f2d)
    _f2d                                     0x080085dd   Thumb Code    86  f2d.o(x$fpl$f2d)
    __fpl_fnaninf                            0x08008633   Thumb Code   140  fnaninf.o(x$fpl$fnaninf)
    _fp_init                                 0x080086bf   Thumb Code    10  fpinit.o(x$fpl$fpinit)
    __fplib_config_fpu_vfp                   0x080086c7   Thumb Code     0  fpinit.o(x$fpl$fpinit)
    __fplib_config_pureend_doubles           0x080086c7   Thumb Code     0  fpinit.o(x$fpl$fpinit)
    __fpl_fretinf                            0x080086c9   Thumb Code    10  fretinf.o(x$fpl$fretinf)
    __I$use$fp                               0x080086d2   Number         0  usenofp.o(x$fpl$usenofp)
    AHBPrescTable                            0x080086f8   Data          16  system_stm32f4xx.o(.constdata)
    APBPrescTable                            0x08008708   Data           8  system_stm32f4xx.o(.constdata)
    __mathlib_zero                           0x080088b8   Data           8  qnan.o(.constdata)
    Region$$Table$$Base                      0x080088cc   Number         0  anon$$obj.o(Region$$Table)
    Region$$Table$$Limit                     0x080088ec   Number         0  anon$$obj.o(Region$$Table)
    defaultTaskHandle                        0x20000000   Data           4  freertos.o(.data)
    rx_len_usart3                            0x20000008   Data           1  usart.o(.data)
    recv_end_flag_usart3                     0x20000009   Data           1  usart.o(.data)
    rx_len_usart6                            0x2000000a   Data           1  usart.o(.data)
    recv_end_flag_usart6                     0x2000000b   Data           1  usart.o(.data)
    rx_len_usart7                            0x2000000c   Data           1  usart.o(.data)
    recv_end_flag_usart7                     0x2000000d   Data           1  usart.o(.data)
    rx_len_usart8                            0x2000000e   Data           1  usart.o(.data)
    recv_end_flag_usart8                     0x2000000f   Data           1  usart.o(.data)
    uwTickFreq                               0x20000014   Data           1  stm32f4xx_hal.o(.data)
    uwTickPrio                               0x20000018   Data           4  stm32f4xx_hal.o(.data)
    uwTick                                   0x2000001c   Data           4  stm32f4xx_hal.o(.data)
    SystemCoreClock                          0x20000020   Data           4  system_stm32f4xx.o(.data)
    angle_offset                             0x20000028   Data           2  usart_bsp.o(.data)
    info_usart3                              0x20000030   Data           4  usart_bsp.o(.data)
    info_usart7                              0x20000034   Data           4  usart_bsp.o(.data)
    info_usart8                              0x20000038   Data           4  usart_bsp.o(.data)
    roll                                     0x2000003c   Data           4  usart_bsp.o(.data)
    pitch                                    0x20000040   Data           4  usart_bsp.o(.data)
    yaw                                      0x20000044   Data           4  usart_bsp.o(.data)
    roll_offset                              0x20000048   Data           4  usart_bsp.o(.data)
    pitch_offset                             0x2000004c   Data           4  usart_bsp.o(.data)
    yaw_offset                               0x20000050   Data           4  usart_bsp.o(.data)
    ax                                       0x20000054   Data           4  usart_bsp.o(.data)
    ay                                       0x20000058   Data           4  usart_bsp.o(.data)
    az                                       0x2000005c   Data           4  usart_bsp.o(.data)
    wx                                       0x20000060   Data           4  usart_bsp.o(.data)
    wy                                       0x20000064   Data           4  usart_bsp.o(.data)
    wz                                       0x20000068   Data           4  usart_bsp.o(.data)
    yaw_usart6                               0x20000070   Data           8  usart_bsp.o(.data)
    k                                        0x2000007c   Data           4  can_bsp.o(.data)
    id                                       0x200000ca   Data           1  imu_bsp.o(.data)
    Power_on_record                          0x200000cc   Data           2  imu_bsp.o(.data)
    q0                                       0x200000d0   Data           4  imu_bsp.o(.data)
    q1                                       0x200000d4   Data           4  imu_bsp.o(.data)
    q2                                       0x200000d8   Data           4  imu_bsp.o(.data)
    q3                                       0x200000dc   Data           4  imu_bsp.o(.data)
    exInt                                    0x200000e0   Data           4  imu_bsp.o(.data)
    eyInt                                    0x200000e4   Data           4  imu_bsp.o(.data)
    ezInt                                    0x200000e8   Data           4  imu_bsp.o(.data)
    last_update                              0x20000110   Data           4  imu_bsp.o(.data)
    now_update                               0x20000114   Data           4  imu_bsp.o(.data)
    err                                      0x20000118   Data           4  imu_bsp.o(.data)
    last_err                                 0x2000011c   Data           4  imu_bsp.o(.data)
    pout                                     0x20000120   Data           4  imu_bsp.o(.data)
    iout                                     0x20000124   Data           4  imu_bsp.o(.data)
    dout                                     0x20000128   Data           4  imu_bsp.o(.data)
    out_put                                  0x2000012c   Data           4  imu_bsp.o(.data)
    kp                                       0x20000130   Data           4  imu_bsp.o(.data)
    ki                                       0x20000134   Data           4  imu_bsp.o(.data)
    kd                                       0x20000138   Data           4  imu_bsp.o(.data)
    yaw_start                                0x2000013c   Data           4  imu_bsp.o(.data)
    ist_buff                                 0x20000140   Data           6  imu_bsp.o(.data)
    pxCurrentTCB                             0x20000164   Data           4  tasks.o(.data)
    hcan1                                    0x20000420   Data          40  can.o(.bss)
    hcan2                                    0x20000448   Data          40  can.o(.bss)
    hspi5                                    0x20000470   Data          88  spi.o(.bss)
    htim2                                    0x200004c8   Data          72  tim.o(.bss)
    htim3                                    0x20000510   Data          72  tim.o(.bss)
    htim4                                    0x20000558   Data          72  tim.o(.bss)
    htim5                                    0x200005a0   Data          72  tim.o(.bss)
    htim8                                    0x200005e8   Data          72  tim.o(.bss)
    htim12                                   0x20000630   Data          72  tim.o(.bss)
    rx_buffer_usart3                         0x20000678   Data         200  usart.o(.bss)
    rx_buffer_usart6                         0x20000740   Data         200  usart.o(.bss)
    rx_buffer_usart7                         0x20000808   Data         200  usart.o(.bss)
    rx_buffer_usart8                         0x200008d0   Data         200  usart.o(.bss)
    huart7                                   0x20000998   Data          68  usart.o(.bss)
    huart8                                   0x200009dc   Data          68  usart.o(.bss)
    huart1                                   0x20000a20   Data          68  usart.o(.bss)
    huart3                                   0x20000a64   Data          68  usart.o(.bss)
    huart6                                   0x20000aa8   Data          68  usart.o(.bss)
    hdma_uart7_rx                            0x20000aec   Data          96  usart.o(.bss)
    hdma_uart8_rx                            0x20000b4c   Data          96  usart.o(.bss)
    hdma_usart1_rx                           0x20000bac   Data          96  usart.o(.bss)
    hdma_usart3_rx                           0x20000c0c   Data          96  usart.o(.bss)
    hdma_usart6_rx                           0x20000c6c   Data          96  usart.o(.bss)
    htim13                                   0x20000ccc   Data          72  stm32f4xx_hal_timebase_tim.o(.bss)
    can1_motor_message                       0x20000df0   Data         320  can_bsp.o(.bss)
    can2_motor_message                       0x20000f30   Data         320  can_bsp.o(.bss)
    rc_ctrl                                  0x20001070   Data          12  rc_bsp.o(.bss)
    sbus_rx_buf                              0x2000107c   Data          72  rc_bsp.o(.bss)
    imu                                      0x200010c4   Data          52  imu_bsp.o(.bss)
    mpu_buff                                 0x200010f8   Data          14  imu_bsp.o(.bss)
    mpu_data                                 0x20001106   Data          32  imu_bsp.o(.bss)
    motor_pid1                               0x20001128   Data        1216  chassis.o(.bss)
    motor_pid2                               0x200015e8   Data        1216  chassis.o(.bss)
    motor_pid_6020                           0x20001aa8   Data        1064  chassis.o(.bss)
    omni_wheel_info                          0x20001ed0   Data          64  chassis.o(.bss)
    steering_wheel_info                      0x20001f10   Data         128  chassis.o(.bss)
    __libspace_start                         0x20005c80   Data          96  libspace.o(.bss)
    __temporary_stack_top$libspace           0x20005ce0   Data           0  libspace.o(.bss)



==============================================================================

Memory Map of the image

  Image Entry point : 0x080001ad

  Load Region LR_IROM1 (Base: 0x08000000, Size: 0x00008ab8, Max: 0x00200000, ABSOLUTE, COMPRESSED[0x00008908])

    Execution Region ER_IROM1 (Exec base: 0x08000000, Load base: 0x08000000, Size: 0x000088ec, Max: 0x00200000, ABSOLUTE)

    Exec Addr    Load Addr    Size         Type   Attr      Idx    E Section Name        Object

    0x08000000   0x08000000   0x000001ac   Data   RO            3    RESET               startup_stm32f427xx.o
    0x080001ac   0x080001ac   0x00000008   Code   RO         6405  * !!!main             c_w.l(__main.o)
    0x080001b4   0x080001b4   0x00000034   Code   RO         6922    !!!scatter          c_w.l(__scatter.o)
    0x080001e8   0x080001e8   0x0000003a   Code   RO         6920    !!dczerorl          c_w.l(__dczerorl.o)
    0x08000222   0x08000222   0x00000002   PAD
    0x08000224   0x08000224   0x0000001c   Code   RO         6924    !!handler_zi        c_w.l(__scatter_zi.o)
    0x08000240   0x08000240   0x00000002   Code   RO         6780    .ARM.Collect$$libinit$$00000000  c_w.l(libinit.o)
    0x08000242   0x08000242   0x00000004   Code   RO         6798    .ARM.Collect$$libinit$$00000001  c_w.l(libinit2.o)
    0x08000246   0x08000246   0x00000000   Code   RO         6801    .ARM.Collect$$libinit$$00000004  c_w.l(libinit2.o)
    0x08000246   0x08000246   0x00000000   Code   RO         6804    .ARM.Collect$$libinit$$0000000A  c_w.l(libinit2.o)
    0x08000246   0x08000246   0x00000000   Code   RO         6806    .ARM.Collect$$libinit$$0000000C  c_w.l(libinit2.o)
    0x08000246   0x08000246   0x00000000   Code   RO         6808    .ARM.Collect$$libinit$$0000000E  c_w.l(libinit2.o)
    0x08000246   0x08000246   0x00000000   Code   RO         6811    .ARM.Collect$$libinit$$00000011  c_w.l(libinit2.o)
    0x08000246   0x08000246   0x00000000   Code   RO         6813    .ARM.Collect$$libinit$$00000013  c_w.l(libinit2.o)
    0x08000246   0x08000246   0x00000000   Code   RO         6815    .ARM.Collect$$libinit$$00000015  c_w.l(libinit2.o)
    0x08000246   0x08000246   0x00000000   Code   RO         6817    .ARM.Collect$$libinit$$00000017  c_w.l(libinit2.o)
    0x08000246   0x08000246   0x00000000   Code   RO         6819    .ARM.Collect$$libinit$$00000019  c_w.l(libinit2.o)
    0x08000246   0x08000246   0x00000000   Code   RO         6821    .ARM.Collect$$libinit$$0000001B  c_w.l(libinit2.o)
    0x08000246   0x08000246   0x00000000   Code   RO         6823    .ARM.Collect$$libinit$$0000001D  c_w.l(libinit2.o)
    0x08000246   0x08000246   0x00000000   Code   RO         6825    .ARM.Collect$$libinit$$0000001F  c_w.l(libinit2.o)
    0x08000246   0x08000246   0x00000000   Code   RO         6827    .ARM.Collect$$libinit$$00000021  c_w.l(libinit2.o)
    0x08000246   0x08000246   0x00000000   Code   RO         6829    .ARM.Collect$$libinit$$00000023  c_w.l(libinit2.o)
    0x08000246   0x08000246   0x00000000   Code   RO         6831    .ARM.Collect$$libinit$$00000025  c_w.l(libinit2.o)
    0x08000246   0x08000246   0x00000000   Code   RO         6835    .ARM.Collect$$libinit$$0000002C  c_w.l(libinit2.o)
    0x08000246   0x08000246   0x00000000   Code   RO         6837    .ARM.Collect$$libinit$$0000002E  c_w.l(libinit2.o)
    0x08000246   0x08000246   0x00000000   Code   RO         6839    .ARM.Collect$$libinit$$00000030  c_w.l(libinit2.o)
    0x08000246   0x08000246   0x00000000   Code   RO         6841    .ARM.Collect$$libinit$$00000032  c_w.l(libinit2.o)
    0x08000246   0x08000246   0x00000002   Code   RO         6842    .ARM.Collect$$libinit$$00000033  c_w.l(libinit2.o)
    0x08000248   0x08000248   0x00000002   Code   RO         6875    .ARM.Collect$$libshutdown$$00000000  c_w.l(libshutdown.o)
    0x0800024a   0x0800024a   0x00000000   Code   RO         6901    .ARM.Collect$$libshutdown$$00000002  c_w.l(libshutdown2.o)
    0x0800024a   0x0800024a   0x00000000   Code   RO         6903    .ARM.Collect$$libshutdown$$00000004  c_w.l(libshutdown2.o)
    0x0800024a   0x0800024a   0x00000000   Code   RO         6905    .ARM.Collect$$libshutdown$$00000006  c_w.l(libshutdown2.o)
    0x0800024a   0x0800024a   0x00000000   Code   RO         6908    .ARM.Collect$$libshutdown$$00000009  c_w.l(libshutdown2.o)
    0x0800024a   0x0800024a   0x00000000   Code   RO         6911    .ARM.Collect$$libshutdown$$0000000C  c_w.l(libshutdown2.o)
    0x0800024a   0x0800024a   0x00000000   Code   RO         6913    .ARM.Collect$$libshutdown$$0000000E  c_w.l(libshutdown2.o)
    0x0800024a   0x0800024a   0x00000000   Code   RO         6916    .ARM.Collect$$libshutdown$$00000011  c_w.l(libshutdown2.o)
    0x0800024a   0x0800024a   0x00000002   Code   RO         6917    .ARM.Collect$$libshutdown$$00000012  c_w.l(libshutdown2.o)
    0x0800024c   0x0800024c   0x00000000   Code   RO         6513    .ARM.Collect$$rtentry$$00000000  c_w.l(__rtentry.o)
    0x0800024c   0x0800024c   0x00000000   Code   RO         6686    .ARM.Collect$$rtentry$$00000002  c_w.l(__rtentry2.o)
    0x0800024c   0x0800024c   0x00000006   Code   RO         6698    .ARM.Collect$$rtentry$$00000004  c_w.l(__rtentry4.o)
    0x08000252   0x08000252   0x00000000   Code   RO         6688    .ARM.Collect$$rtentry$$00000009  c_w.l(__rtentry2.o)
    0x08000252   0x08000252   0x00000004   Code   RO         6689    .ARM.Collect$$rtentry$$0000000A  c_w.l(__rtentry2.o)
    0x08000256   0x08000256   0x00000000   Code   RO         6691    .ARM.Collect$$rtentry$$0000000C  c_w.l(__rtentry2.o)
    0x08000256   0x08000256   0x00000008   Code   RO         6692    .ARM.Collect$$rtentry$$0000000D  c_w.l(__rtentry2.o)
    0x0800025e   0x0800025e   0x00000002   Code   RO         6785    .ARM.Collect$$rtexit$$00000000  c_w.l(rtexit.o)
    0x08000260   0x08000260   0x00000000   Code   RO         6848    .ARM.Collect$$rtexit$$00000002  c_w.l(rtexit2.o)
    0x08000260   0x08000260   0x00000004   Code   RO         6849    .ARM.Collect$$rtexit$$00000003  c_w.l(rtexit2.o)
    0x08000264   0x08000264   0x00000006   Code   RO         6850    .ARM.Collect$$rtexit$$00000004  c_w.l(rtexit2.o)
    0x0800026a   0x0800026a   0x00000002   PAD
    0x0800026c   0x0800026c   0x000000be   Code   RO         6312    .emb_text           port.o
    0x0800032a   0x0800032a   0x00000002   PAD
    0x0800032c   0x0800032c   0x00000040   Code   RO            4    .text               startup_stm32f427xx.o
    0x0800036c   0x0800036c   0x000000ee   Code   RO         6391    .text               c_w.l(lludivv7m.o)
    0x0800045a   0x0800045a   0x00000064   Code   RO         6397    .text               c_w.l(rt_memcpy_w.o)
    0x080004be   0x080004be   0x0000004e   Code   RO         6401    .text               c_w.l(rt_memclr_w.o)
    0x0800050c   0x0800050c   0x00000006   Code   RO         6403    .text               c_w.l(heapauxi.o)
    0x08000512   0x08000512   0x00000016   Code   RO         6518    .text               c_w.l(_rserrno.o)
    0x08000528   0x08000528   0x00000008   Code   RO         6705    .text               c_w.l(rt_errno_addr_intlibspace.o)
    0x08000530   0x08000530   0x00000008   Code   RO         6727    .text               c_w.l(libspace.o)
    0x08000538   0x08000538   0x0000004a   Code   RO         6730    .text               c_w.l(sys_stackheap_outer.o)
    0x08000582   0x08000582   0x00000012   Code   RO         6769    .text               c_w.l(exit.o)
    0x08000594   0x08000594   0x0000000c   Code   RO         6845    .text               c_w.l(sys_exit.o)
    0x080005a0   0x080005a0   0x00000002   Code   RO         6864    .text               c_w.l(use_no_semi.o)
    0x080005a2   0x080005a2   0x00000000   Code   RO         6866    .text               c_w.l(indicate_semi.o)
    0x080005a2   0x080005a2   0x00000002   PAD
    0x080005a4   0x080005a4   0x0000001c   Code   RO         5031    i.AS5600_INIT_TASK  task_user.o
    0x080005c0   0x080005c0   0x00000050   Code   RO         4056    i.BeginWarnBuzzer   buzzer_bsp.o
    0x08000610   0x08000610   0x00000002   Code   RO          625    i.BusFault_Handler  stm32f4xx_it.o
    0x08000612   0x08000612   0x00000002   PAD
    0x08000614   0x08000614   0x0000000c   Code   RO          626    i.CAN1_RX0_IRQHandler  stm32f4xx_it.o
    0x08000620   0x08000620   0x0000000c   Code   RO          627    i.CAN2_RX0_IRQHandler  stm32f4xx_it.o
    0x0800062c   0x0800062c   0x0000000c   Code   RO          628    i.DMA1_Stream1_IRQHandler  stm32f4xx_it.o
    0x08000638   0x08000638   0x0000000c   Code   RO          629    i.DMA1_Stream3_IRQHandler  stm32f4xx_it.o
    0x08000644   0x08000644   0x0000000c   Code   RO          630    i.DMA1_Stream6_IRQHandler  stm32f4xx_it.o
    0x08000650   0x08000650   0x0000000c   Code   RO          631    i.DMA2_Stream1_IRQHandler  stm32f4xx_it.o
    0x0800065c   0x0800065c   0x0000000c   Code   RO          632    i.DMA2_Stream2_IRQHandler  stm32f4xx_it.o
    0x08000668   0x08000668   0x00000028   Code   RO         1594    i.DMA_CalcBaseAndBitshift  stm32f4xx_hal_dma.o
    0x08000690   0x08000690   0x00000054   Code   RO         1595    i.DMA_CheckFifoParam  stm32f4xx_hal_dma.o
    0x080006e4   0x080006e4   0x00000028   Code   RO         1596    i.DMA_SetConfig     stm32f4xx_hal_dma.o
    0x0800070c   0x0800070c   0x00000002   Code   RO          633    i.DebugMon_Handler  stm32f4xx_it.o
    0x0800070e   0x0800070e   0x00000008   Code   RO         4436    i.Delay_jy61p       delay_bsp.o
    0x08000716   0x08000716   0x00000006   Code   RO          634    i.EXTI0_IRQHandler  stm32f4xx_it.o
    0x0800071c   0x0800071c   0x00000008   Code   RO          635    i.EXTI15_10_IRQHandler  stm32f4xx_it.o
    0x08000724   0x08000724   0x00000006   Code   RO          636    i.EXTI1_IRQHandler  stm32f4xx_it.o
    0x0800072a   0x0800072a   0x00000006   Code   RO          637    i.EXTI2_IRQHandler  stm32f4xx_it.o
    0x08000730   0x08000730   0x00000002   Code   RO           13    i.Error_Handler     main.o
    0x08000732   0x08000732   0x00000002   PAD
    0x08000734   0x08000734   0x00000114   Code   RO         4150    i.Get_Data          usart_bsp.o
    0x08000848   0x08000848   0x00000024   Code   RO          850    i.HAL_CAN_ActivateNotification  stm32f4xx_hal_can.o
    0x0800086c   0x0800086c   0x0000010c   Code   RO          852    i.HAL_CAN_ConfigFilter  stm32f4xx_hal_can.o
    0x08000978   0x08000978   0x00000002   Code   RO          855    i.HAL_CAN_ErrorCallback  stm32f4xx_hal_can.o
    0x0800097a   0x0800097a   0x000000e8   Code   RO          858    i.HAL_CAN_GetRxMessage  stm32f4xx_hal_can.o
    0x08000a62   0x08000a62   0x000001fc   Code   RO          862    i.HAL_CAN_IRQHandler  stm32f4xx_hal_can.o
    0x08000c5e   0x08000c5e   0x0000011a   Code   RO          863    i.HAL_CAN_Init      stm32f4xx_hal_can.o
    0x08000d78   0x08000d78   0x000000fc   Code   RO          358    i.HAL_CAN_MspInit   can.o
    0x08000e74   0x08000e74   0x00000002   Code   RO          870    i.HAL_CAN_RxFifo0FullCallback  stm32f4xx_hal_can.o
    0x08000e76   0x08000e76   0x00000002   PAD
    0x08000e78   0x08000e78   0x000001e0   Code   RO         4233    i.HAL_CAN_RxFifo0MsgPendingCallback  can_bsp.o
    0x08001058   0x08001058   0x00000002   Code   RO          872    i.HAL_CAN_RxFifo1FullCallback  stm32f4xx_hal_can.o
    0x0800105a   0x0800105a   0x00000002   Code   RO          873    i.HAL_CAN_RxFifo1MsgPendingCallback  stm32f4xx_hal_can.o
    0x0800105c   0x0800105c   0x00000002   Code   RO          874    i.HAL_CAN_SleepCallback  stm32f4xx_hal_can.o
    0x0800105e   0x0800105e   0x00000002   PAD
    0x08001060   0x08001060   0x00000058   Code   RO          875    i.HAL_CAN_Start     stm32f4xx_hal_can.o
    0x080010b8   0x080010b8   0x00000002   Code   RO          877    i.HAL_CAN_TxMailbox0AbortCallback  stm32f4xx_hal_can.o
    0x080010ba   0x080010ba   0x00000002   Code   RO          878    i.HAL_CAN_TxMailbox0CompleteCallback  stm32f4xx_hal_can.o
    0x080010bc   0x080010bc   0x00000002   Code   RO          879    i.HAL_CAN_TxMailbox1AbortCallback  stm32f4xx_hal_can.o
    0x080010be   0x080010be   0x00000002   Code   RO          880    i.HAL_CAN_TxMailbox1CompleteCallback  stm32f4xx_hal_can.o
    0x080010c0   0x080010c0   0x00000002   Code   RO          881    i.HAL_CAN_TxMailbox2AbortCallback  stm32f4xx_hal_can.o
    0x080010c2   0x080010c2   0x00000002   Code   RO          882    i.HAL_CAN_TxMailbox2CompleteCallback  stm32f4xx_hal_can.o
    0x080010c4   0x080010c4   0x00000002   Code   RO          884    i.HAL_CAN_WakeUpFromRxMsgCallback  stm32f4xx_hal_can.o
    0x080010c6   0x080010c6   0x00000092   Code   RO         1597    i.HAL_DMA_Abort     stm32f4xx_hal_dma.o
    0x08001158   0x08001158   0x00000024   Code   RO         1598    i.HAL_DMA_Abort_IT  stm32f4xx_hal_dma.o
    0x0800117c   0x0800117c   0x000001a0   Code   RO         1602    i.HAL_DMA_IRQHandler  stm32f4xx_hal_dma.o
    0x0800131c   0x0800131c   0x000000d4   Code   RO         1603    i.HAL_DMA_Init      stm32f4xx_hal_dma.o
    0x080013f0   0x080013f0   0x0000006e   Code   RO         1607    i.HAL_DMA_Start_IT  stm32f4xx_hal_dma.o
    0x0800145e   0x0800145e   0x00000002   PAD
    0x08001460   0x08001460   0x00000024   Code   RO         2034    i.HAL_Delay         stm32f4xx_hal.o
    0x08001484   0x08001484   0x00000002   Code   RO         1488    i.HAL_GPIO_EXTI_Callback  stm32f4xx_hal_gpio.o
    0x08001486   0x08001486   0x00000002   PAD
    0x08001488   0x08001488   0x00000018   Code   RO         1489    i.HAL_GPIO_EXTI_IRQHandler  stm32f4xx_hal_gpio.o
    0x080014a0   0x080014a0   0x00000234   Code   RO         1490    i.HAL_GPIO_Init     stm32f4xx_hal_gpio.o
    0x080016d4   0x080016d4   0x0000000a   Code   RO         1494    i.HAL_GPIO_WritePin  stm32f4xx_hal_gpio.o
    0x080016de   0x080016de   0x00000002   PAD
    0x080016e0   0x080016e0   0x0000000c   Code   RO         2042    i.HAL_GetTick       stm32f4xx_hal.o
    0x080016ec   0x080016ec   0x00000010   Code   RO         2048    i.HAL_IncTick       stm32f4xx_hal.o
    0x080016fc   0x080016fc   0x00000034   Code   RO         2049    i.HAL_Init          stm32f4xx_hal.o
    0x08001730   0x08001730   0x00000098   Code   RO          810    i.HAL_InitTick      stm32f4xx_hal_timebase_tim.o
    0x080017c8   0x080017c8   0x00000038   Code   RO          786    i.HAL_MspInit       stm32f4xx_hal_msp.o
    0x08001800   0x08001800   0x0000001a   Code   RO         1897    i.HAL_NVIC_EnableIRQ  stm32f4xx_hal_cortex.o
    0x0800181a   0x0800181a   0x00000002   PAD
    0x0800181c   0x0800181c   0x00000040   Code   RO         1903    i.HAL_NVIC_SetPriority  stm32f4xx_hal_cortex.o
    0x0800185c   0x0800185c   0x00000024   Code   RO         1904    i.HAL_NVIC_SetPriorityGrouping  stm32f4xx_hal_cortex.o
    0x08001880   0x08001880   0x00000134   Code   RO         1084    i.HAL_RCC_ClockConfig  stm32f4xx_hal_rcc.o
    0x080019b4   0x080019b4   0x00000040   Code   RO         1088    i.HAL_RCC_GetClockConfig  stm32f4xx_hal_rcc.o
    0x080019f4   0x080019f4   0x00000020   Code   RO         1091    i.HAL_RCC_GetPCLK1Freq  stm32f4xx_hal_rcc.o
    0x08001a14   0x08001a14   0x00000020   Code   RO         1092    i.HAL_RCC_GetPCLK2Freq  stm32f4xx_hal_rcc.o
    0x08001a34   0x08001a34   0x00000064   Code   RO         1093    i.HAL_RCC_GetSysClockFreq  stm32f4xx_hal_rcc.o
    0x08001a98   0x08001a98   0x0000036c   Code   RO         1096    i.HAL_RCC_OscConfig  stm32f4xx_hal_rcc.o
    0x08001e04   0x08001e04   0x000000bc   Code   RO         2308    i.HAL_SPI_Init      stm32f4xx_hal_spi.o
    0x08001ec0   0x08001ec0   0x0000006c   Code   RO          431    i.HAL_SPI_MspInit   spi.o
    0x08001f2c   0x08001f2c   0x000001e2   Code   RO         2317    i.HAL_SPI_TransmitReceive  stm32f4xx_hal_spi.o
    0x0800210e   0x0800210e   0x00000002   Code   RO         3325    i.HAL_TIMEx_BreakCallback  stm32f4xx_hal_tim_ex.o
    0x08002110   0x08002110   0x00000002   Code   RO         3326    i.HAL_TIMEx_CommutCallback  stm32f4xx_hal_tim_ex.o
    0x08002112   0x08002112   0x00000054   Code   RO         3328    i.HAL_TIMEx_ConfigBreakDeadTime  stm32f4xx_hal_tim_ex.o
    0x08002166   0x08002166   0x00000002   PAD
    0x08002168   0x08002168   0x00000090   Code   RO         3344    i.HAL_TIMEx_MasterConfigSynchronization  stm32f4xx_hal_tim_ex.o
    0x080021f8   0x080021f8   0x0000005a   Code   RO         2621    i.HAL_TIM_Base_Init  stm32f4xx_hal_tim.o
    0x08002252   0x08002252   0x00000002   PAD
    0x08002254   0x08002254   0x000000bc   Code   RO          473    i.HAL_TIM_Base_MspInit  tim.o
    0x08002310   0x08002310   0x00000078   Code   RO         2624    i.HAL_TIM_Base_Start  stm32f4xx_hal_tim.o
    0x08002388   0x08002388   0x00000080   Code   RO         2626    i.HAL_TIM_Base_Start_IT  stm32f4xx_hal_tim.o
    0x08002408   0x08002408   0x000000dc   Code   RO         2630    i.HAL_TIM_ConfigClockSource  stm32f4xx_hal_tim.o
    0x080024e4   0x080024e4   0x00000002   Code   RO         2655    i.HAL_TIM_IC_CaptureCallback  stm32f4xx_hal_tim.o
    0x080024e6   0x080024e6   0x00000166   Code   RO         2669    i.HAL_TIM_IRQHandler  stm32f4xx_hal_tim.o
    0x0800264c   0x0800264c   0x00000164   Code   RO          474    i.HAL_TIM_MspPostInit  tim.o
    0x080027b0   0x080027b0   0x00000002   Code   RO         2672    i.HAL_TIM_OC_DelayElapsedCallback  stm32f4xx_hal_tim.o
    0x080027b2   0x080027b2   0x000000cc   Code   RO         2693    i.HAL_TIM_PWM_ConfigChannel  stm32f4xx_hal_tim.o
    0x0800287e   0x0800287e   0x0000005a   Code   RO         2696    i.HAL_TIM_PWM_Init  stm32f4xx_hal_tim.o
    0x080028d8   0x080028d8   0x00000002   Code   RO         2698    i.HAL_TIM_PWM_MspInit  stm32f4xx_hal_tim.o
    0x080028da   0x080028da   0x00000002   Code   RO         2699    i.HAL_TIM_PWM_PulseFinishedCallback  stm32f4xx_hal_tim.o
    0x080028dc   0x080028dc   0x000000c8   Code   RO         2701    i.HAL_TIM_PWM_Start  stm32f4xx_hal_tim.o
    0x080029a4   0x080029a4   0x00000014   Code   RO           14    i.HAL_TIM_PeriodElapsedCallback  main.o
    0x080029b8   0x080029b8   0x00000002   Code   RO         2712    i.HAL_TIM_TriggerCallback  stm32f4xx_hal_tim.o
    0x080029ba   0x080029ba   0x00000002   Code   RO         3603    i.HAL_UARTEx_RxEventCallback  stm32f4xx_hal_uart.o
    0x080029bc   0x080029bc   0x00000070   Code   RO         3615    i.HAL_UART_DMAStop  stm32f4xx_hal_uart.o
    0x08002a2c   0x08002a2c   0x00000002   Code   RO         3617    i.HAL_UART_ErrorCallback  stm32f4xx_hal_uart.o
    0x08002a2e   0x08002a2e   0x00000002   PAD
    0x08002a30   0x08002a30   0x00000268   Code   RO         3620    i.HAL_UART_IRQHandler  stm32f4xx_hal_uart.o
    0x08002c98   0x08002c98   0x00000062   Code   RO         3621    i.HAL_UART_Init     stm32f4xx_hal_uart.o
    0x08002cfa   0x08002cfa   0x00000002   PAD
    0x08002cfc   0x08002cfc   0x000002e4   Code   RO          551    i.HAL_UART_MspInit  usart.o
    0x08002fe0   0x08002fe0   0x0000002a   Code   RO         3625    i.HAL_UART_Receive_DMA  stm32f4xx_hal_uart.o
    0x0800300a   0x0800300a   0x00000002   Code   RO         3627    i.HAL_UART_RxCpltCallback  stm32f4xx_hal_uart.o
    0x0800300c   0x0800300c   0x00000002   Code   RO         3628    i.HAL_UART_RxHalfCpltCallback  stm32f4xx_hal_uart.o
    0x0800300e   0x0800300e   0x00000002   Code   RO         3632    i.HAL_UART_TxCpltCallback  stm32f4xx_hal_uart.o
    0x08003010   0x08003010   0x00000002   Code   RO          638    i.HardFault_Handler  stm32f4xx_it.o
    0x08003012   0x08003012   0x00000002   PAD
    0x08003014   0x08003014   0x0000002c   Code   RO         5032    i.IMU_TASK          task_user.o
    0x08003040   0x08003040   0x00000038   Code   RO         3989    i.LED_ON            led_bsp.o
    0x08003078   0x08003078   0x0000016c   Code   RO         4151    i.Laser_decoding    usart_bsp.o
    0x080031e4   0x080031e4   0x00000044   Code   RO          359    i.MX_CAN1_Init      can.o
    0x08003228   0x08003228   0x00000044   Code   RO          360    i.MX_CAN2_Init      can.o
    0x0800326c   0x0800326c   0x0000007c   Code   RO          406    i.MX_DMA_Init       dma.o
    0x080032e8   0x080032e8   0x00000028   Code   RO          304    i.MX_FREERTOS_Init  freertos.o
    0x08003310   0x08003310   0x00000218   Code   RO          280    i.MX_GPIO_Init      gpio.o
    0x08003528   0x08003528   0x00000044   Code   RO          432    i.MX_SPI5_Init      spi.o
    0x0800356c   0x0800356c   0x00000080   Code   RO          475    i.MX_TIM12_Init     tim.o
    0x080035ec   0x080035ec   0x000000c4   Code   RO          476    i.MX_TIM2_Init      tim.o
    0x080036b0   0x080036b0   0x00000098   Code   RO          477    i.MX_TIM3_Init      tim.o
    0x08003748   0x08003748   0x000000c8   Code   RO          478    i.MX_TIM4_Init      tim.o
    0x08003810   0x08003810   0x000000c8   Code   RO          479    i.MX_TIM5_Init      tim.o
    0x080038d8   0x080038d8   0x000000f8   Code   RO          480    i.MX_TIM8_Init      tim.o
    0x080039d0   0x080039d0   0x00000058   Code   RO          552    i.MX_UART7_Init     usart.o
    0x08003a28   0x08003a28   0x00000058   Code   RO          553    i.MX_UART8_Init     usart.o
    0x08003a80   0x08003a80   0x00000040   Code   RO          554    i.MX_USART1_UART_Init  usart.o
    0x08003ac0   0x08003ac0   0x00000048   Code   RO          555    i.MX_USART3_UART_Init  usart.o
    0x08003b08   0x08003b08   0x00000058   Code   RO          556    i.MX_USART6_UART_Init  usart.o
    0x08003b60   0x08003b60   0x00000002   Code   RO          639    i.MemManage_Handler  stm32f4xx_it.o
    0x08003b62   0x08003b62   0x00000002   Code   RO          640    i.NMI_Handler       stm32f4xx_it.o
    0x08003b64   0x08003b64   0x000003f0   Code   RO         4851    i.PID_init          chassis.o
    0x08003f54   0x08003f54   0x00000120   Code   RO         4115    i.PWM_init          pwm_bsp.o
    0x08004074   0x08004074   0x00000060   Code   RO         4382    i.RC_init           rc_bsp.o
    0x080040d4   0x080040d4   0x00000058   Code   RO         2346    i.SPI_EndRxTxTransaction  stm32f4xx_hal_spi.o
    0x0800412c   0x0800412c   0x000000b8   Code   RO         2351    i.SPI_WaitFlagStateUntilTimeout  stm32f4xx_hal_spi.o
    0x080041e4   0x080041e4   0x00000008   Code   RO          305    i.StartDefaultTask  freertos.o
    0x080041ec   0x080041ec   0x0000002c   Code   RO         6313    i.SysTick_Handler   port.o
    0x08004218   0x08004218   0x00000090   Code   RO           15    i.SystemClock_Config  main.o
    0x080042a8   0x080042a8   0x00000010   Code   RO         3950    i.SystemInit        system_stm32f4xx.o
    0x080042b8   0x080042b8   0x00000008   Code   RO         5034    i.TEST_TASK         task_user.o
    0x080042c0   0x080042c0   0x0000001c   Code   RO          641    i.TIM8_UP_TIM13_IRQHandler  stm32f4xx_it.o
    0x080042dc   0x080042dc   0x000000c8   Code   RO         2714    i.TIM_Base_SetConfig  stm32f4xx_hal_tim.o
    0x080043a4   0x080043a4   0x0000001a   Code   RO         2715    i.TIM_CCxChannelCmd  stm32f4xx_hal_tim.o
    0x080043be   0x080043be   0x00000014   Code   RO         2725    i.TIM_ETR_SetConfig  stm32f4xx_hal_tim.o
    0x080043d2   0x080043d2   0x00000010   Code   RO         2726    i.TIM_ITRx_SetConfig  stm32f4xx_hal_tim.o
    0x080043e2   0x080043e2   0x00000002   PAD
    0x080043e4   0x080043e4   0x00000060   Code   RO         2727    i.TIM_OC1_SetConfig  stm32f4xx_hal_tim.o
    0x08004444   0x08004444   0x0000006c   Code   RO         2728    i.TIM_OC2_SetConfig  stm32f4xx_hal_tim.o
    0x080044b0   0x080044b0   0x00000068   Code   RO         2729    i.TIM_OC3_SetConfig  stm32f4xx_hal_tim.o
    0x08004518   0x08004518   0x00000050   Code   RO         2730    i.TIM_OC4_SetConfig  stm32f4xx_hal_tim.o
    0x08004568   0x08004568   0x00000022   Code   RO         2732    i.TIM_TI1_ConfigInputStage  stm32f4xx_hal_tim.o
    0x0800458a   0x0800458a   0x00000024   Code   RO         2734    i.TIM_TI2_ConfigInputStage  stm32f4xx_hal_tim.o
    0x080045ae   0x080045ae   0x00000002   PAD
    0x080045b0   0x080045b0   0x0000007c   Code   RO          642    i.UART7_IRQHandler  stm32f4xx_it.o
    0x0800462c   0x0800462c   0x0000007c   Code   RO          643    i.UART8_IRQHandler  stm32f4xx_it.o
    0x080046a8   0x080046a8   0x00000010   Code   RO         3634    i.UART_DMAAbortOnError  stm32f4xx_hal_uart.o
    0x080046b8   0x080046b8   0x0000004a   Code   RO         3635    i.UART_DMAError     stm32f4xx_hal_uart.o
    0x08004702   0x08004702   0x00000082   Code   RO         3636    i.UART_DMAReceiveCplt  stm32f4xx_hal_uart.o
    0x08004784   0x08004784   0x0000001a   Code   RO         3638    i.UART_DMARxHalfCplt  stm32f4xx_hal_uart.o
    0x0800479e   0x0800479e   0x0000004e   Code   RO         3644    i.UART_EndRxTransfer  stm32f4xx_hal_uart.o
    0x080047ec   0x080047ec   0x0000001c   Code   RO         3645    i.UART_EndTxTransfer  stm32f4xx_hal_uart.o
    0x08004808   0x08004808   0x000000c0   Code   RO         3646    i.UART_Receive_IT   stm32f4xx_hal_uart.o
    0x080048c8   0x080048c8   0x0000010c   Code   RO         3647    i.UART_SetConfig    stm32f4xx_hal_uart.o
    0x080049d4   0x080049d4   0x00000094   Code   RO         3648    i.UART_Start_Receive_DMA  stm32f4xx_hal_uart.o
    0x08004a68   0x08004a68   0x000000bc   Code   RO          644    i.USART1_IRQHandler  stm32f4xx_it.o
    0x08004b24   0x08004b24   0x0000007c   Code   RO          645    i.USART3_IRQHandler  stm32f4xx_it.o
    0x08004ba0   0x08004ba0   0x0000007c   Code   RO          646    i.USART6_IRQHandler  stm32f4xx_it.o
    0x08004c1c   0x08004c1c   0x00000002   Code   RO          647    i.UsageFault_Handler  stm32f4xx_it.o
    0x08004c1e   0x08004c1e   0x00000030   Code   RO         6669    i.__ARM_fpclassify  m_wm.l(fpclassify.o)
    0x08004c4e   0x08004c4e   0x00000020   Code   RO         1910    i.__NVIC_SetPriority  stm32f4xx_hal_cortex.o
    0x08004c6e   0x08004c6e   0x00000002   PAD
    0x08004c70   0x08004c70   0x00000360   Code   RO         6443    i.__hardfp_asin     m_wm.l(asin.o)
    0x08004fd0   0x08004fd0   0x000002d8   Code   RO         6638    i.__hardfp_atan     m_wm.l(atan.o)
    0x080052a8   0x080052a8   0x00000200   Code   RO         6457    i.__hardfp_atan2    m_wm.l(atan2.o)
    0x080054a8   0x080054a8   0x00000014   Code   RO         6481    i.__hardfp_fabs     m_wm.l(fabs.o)
    0x080054bc   0x080054bc   0x0000007a   Code   RO         6501    i.__hardfp_sqrt     m_wm.l(sqrt.o)
    0x08005536   0x08005536   0x000000f8   Code   RO         6671    i.__kernel_poly     m_wm.l(poly.o)
    0x0800562e   0x0800562e   0x00000014   Code   RO         6656    i.__mathlib_dbl_infnan  m_wm.l(dunder.o)
    0x08005642   0x08005642   0x00000014   Code   RO         6657    i.__mathlib_dbl_infnan2  m_wm.l(dunder.o)
    0x08005656   0x08005656   0x00000002   PAD
    0x08005658   0x08005658   0x00000020   Code   RO         6658    i.__mathlib_dbl_invalid  m_wm.l(dunder.o)
    0x08005678   0x08005678   0x00000020   Code   RO         6661    i.__mathlib_dbl_underflow  m_wm.l(dunder.o)
    0x08005698   0x08005698   0x00000016   Code   RO         4926    i.as5600_init       as5600.o
    0x080056ae   0x080056ae   0x00000010   Code   RO         6640    i.atan              m_wm.l(atan.o)
    0x080056be   0x080056be   0x00000002   PAD
    0x080056c0   0x080056c0   0x00000048   Code   RO         4058    i.buzzer_on         buzzer_bsp.o
    0x08005708   0x08005708   0x00000058   Code   RO         4234    i.can_filter_init   can_bsp.o
    0x08005760   0x08005760   0x00000040   Code   RO         4853    i.chassis_init      chassis.o
    0x080057a0   0x080057a0   0x00000018   Code   RO         6483    i.fabs              m_wm.l(fabs.o)
    0x080057b8   0x080057b8   0x00000084   Code   RO         4482    i.iic1_init         iic_bsp.o
    0x0800583c   0x0800583c   0x00000088   Code   RO         4491    i.iic2_init         iic_bsp.o
    0x080058c4   0x080058c4   0x0000003c   Code   RO         4496    i.iic2_stop         iic_bsp.o
    0x08005900   0x08005900   0x00000084   Code   RO         4499    i.iic3_init         iic_bsp.o
    0x08005984   0x08005984   0x00000040   Code   RO         4504    i.iic3_stop         iic_bsp.o
    0x080059c4   0x080059c4   0x00000088   Code   RO         4507    i.iic4_init         iic_bsp.o
    0x08005a4c   0x08005a4c   0x00000040   Code   RO         4512    i.iic4_stop         iic_bsp.o
    0x08005a8c   0x08005a8c   0x000004aa   Code   RO         4703    i.imu_ahrs_update   imu_bsp.o
    0x08005f36   0x08005f36   0x00000002   PAD
    0x08005f38   0x08005f38   0x00000174   Code   RO         4704    i.imu_attitude_update  imu_bsp.o
    0x080060ac   0x080060ac   0x00000048   Code   RO         4705    i.imu_info          imu_bsp.o
    0x080060f4   0x080060f4   0x00000028   Code   RO         4706    i.imu_init          imu_bsp.o
    0x0800611c   0x0800611c   0x000001cc   Code   RO         4707    i.init_quaternion   imu_bsp.o
    0x080062e8   0x080062e8   0x0000002c   Code   RO         4708    i.inv_sqrt          imu_bsp.o
    0x08006314   0x08006314   0x0000000a   Code   RO         4709    i.ist8310_get_data  imu_bsp.o
    0x0800631e   0x0800631e   0x00000100   Code   RO         4710    i.ist8310_init      imu_bsp.o
    0x0800641e   0x0800641e   0x00000038   Code   RO         4711    i.ist_reg_read_by_mpu  imu_bsp.o
    0x08006456   0x08006456   0x00000042   Code   RO         4712    i.ist_reg_write_by_mpu  imu_bsp.o
    0x08006498   0x08006498   0x000001a8   Code   RO         4153    i.jy61p_read        usart_bsp.o
    0x08006640   0x08006640   0x00000080   Code   RO           17    i.main              main.o
    0x080066c0   0x080066c0   0x0000000c   Code   RO         5878    i.makeFreeRtosPriority  cmsis_os.o
    0x080066cc   0x080066cc   0x00000064   Code   RO         4713    i.mpu_device_init   imu_bsp.o
    0x08006730   0x08006730   0x00000100   Code   RO         4714    i.mpu_get_data      imu_bsp.o
    0x08006830   0x08006830   0x0000008e   Code   RO         4715    i.mpu_master_i2c_auto_read_config  imu_bsp.o
    0x080068be   0x080068be   0x00000002   PAD
    0x080068c0   0x080068c0   0x000000a8   Code   RO         4716    i.mpu_offset_call   imu_bsp.o
    0x08006968   0x08006968   0x00000050   Code   RO         4717    i.mpu_read_byte     imu_bsp.o
    0x080069b8   0x080069b8   0x0000005c   Code   RO         4718    i.mpu_read_bytes    imu_bsp.o
    0x08006a14   0x08006a14   0x0000000a   Code   RO         4719    i.mpu_set_accel_fsr  imu_bsp.o
    0x08006a1e   0x08006a1e   0x0000000a   Code   RO         4720    i.mpu_set_gyro_fsr  imu_bsp.o
    0x08006a28   0x08006a28   0x00000054   Code   RO         4721    i.mpu_write_byte    imu_bsp.o
    0x08006a7c   0x08006a7c   0x0000000e   Code   RO         5880    i.osDelay           cmsis_os.o
    0x08006a8a   0x08006a8a   0x0000000a   Code   RO         5883    i.osKernelStart     cmsis_os.o
    0x08006a94   0x08006a94   0x00000054   Code   RO         5917    i.osThreadCreate    cmsis_os.o
    0x08006ae8   0x08006ae8   0x000000ce   Code   RO         4332    i.pid_calcuate      pid_bsp.o
    0x08006bb6   0x08006bb6   0x00000002   PAD
    0x08006bb8   0x08006bb8   0x0000001c   Code   RO         4333    i.pid_init          pid_bsp.o
    0x08006bd4   0x08006bd4   0x00000030   Code   RO         4334    i.pid_param_init    pid_bsp.o
    0x08006c04   0x08006c04   0x00000014   Code   RO         4335    i.pid_reset         pid_bsp.o
    0x08006c18   0x08006c18   0x00000070   Code   RO         5560    i.prvAddCurrentTaskToDelayedList  tasks.o
    0x08006c88   0x08006c88   0x000000d0   Code   RO         5561    i.prvAddNewTaskToReadyList  tasks.o
    0x08006d58   0x08006d58   0x00000034   Code   RO         5562    i.prvDeleteTCB      tasks.o
    0x08006d8c   0x08006d8c   0x0000004c   Code   RO         6245    i.prvHeapInit       heap_4.o
    0x08006dd8   0x08006dd8   0x00000060   Code   RO         5563    i.prvIdleTask       tasks.o
    0x08006e38   0x08006e38   0x00000098   Code   RO         5564    i.prvInitialiseNewTask  tasks.o
    0x08006ed0   0x08006ed0   0x0000004c   Code   RO         6246    i.prvInsertBlockIntoFreeList  heap_4.o
    0x08006f1c   0x08006f1c   0x00000020   Code   RO         5565    i.prvResetNextTaskUnblockTime  tasks.o
    0x08006f3c   0x08006f3c   0x00000028   Code   RO         6314    i.prvTaskExitError  port.o
    0x08006f64   0x08006f64   0x000000dc   Code   RO         6247    i.pvPortMalloc      heap_4.o
    0x08007040   0x08007040   0x0000002c   Code   RO         6315    i.pxPortInitialiseStack  port.o
    0x0800706c   0x0800706c   0x00000010   Code   RO         4384    i.remote_control_init  rc_bsp.o
    0x0800707c   0x0800707c   0x000000b2   Code   RO         4385    i.sbus_to_rc        rc_bsp.o
    0x0800712e   0x0800712e   0x0000006e   Code   RO         6503    i.sqrt              m_wm.l(sqrt.o)
    0x0800719c   0x0800719c   0x0000002c   Code   RO         5035    i.startTast         task_user.o
    0x080071c8   0x080071c8   0x00000098   Code   RO         5036    i.start_task        task_user.o
    0x08007260   0x08007260   0x000000c8   Code   RO         4722    i.thermostatic_control  imu_bsp.o
    0x08007328   0x08007328   0x00000026   Code   RO         5196    i.uxListRemove      list.o
    0x0800734e   0x0800734e   0x00000002   PAD
    0x08007350   0x08007350   0x00000014   Code   RO          306    i.vApplicationGetIdleTaskMemory  freertos.o
    0x08007364   0x08007364   0x00000016   Code   RO         5197    i.vListInitialise   list.o
    0x0800737a   0x0800737a   0x00000006   Code   RO         5198    i.vListInitialiseItem  list.o
    0x08007380   0x08007380   0x00000030   Code   RO         5199    i.vListInsert       list.o
    0x080073b0   0x080073b0   0x00000018   Code   RO         5200    i.vListInsertEnd    list.o
    0x080073c8   0x080073c8   0x00000040   Code   RO         6317    i.vPortEnterCritical  port.o
    0x08007408   0x08007408   0x00000028   Code   RO         6318    i.vPortExitCritical  port.o
    0x08007430   0x08007430   0x00000064   Code   RO         6248    i.vPortFree         heap_4.o
    0x08007494   0x08007494   0x00000024   Code   RO         6319    i.vPortSetupTimerInterrupt  port.o
    0x080074b8   0x080074b8   0x0000004c   Code   RO         5574    i.vTaskDelay        tasks.o
    0x08007504   0x08007504   0x000000ac   Code   RO         5575    i.vTaskDelete       tasks.o
    0x080075b0   0x080075b0   0x0000006c   Code   RO         5587    i.vTaskStartScheduler  tasks.o
    0x0800761c   0x0800761c   0x00000010   Code   RO         5589    i.vTaskSuspendAll   tasks.o
    0x0800762c   0x0800762c   0x0000005c   Code   RO         5590    i.vTaskSwitchContext  tasks.o
    0x08007688   0x08007688   0x000000f4   Code   RO         6321    i.xPortStartScheduler  port.o
    0x0800777c   0x0800777c   0x0000005a   Code   RO         5593    i.xTaskCreate       tasks.o
    0x080077d6   0x080077d6   0x00000056   Code   RO         5594    i.xTaskCreateStatic  tasks.o
    0x0800782c   0x0800782c   0x000000cc   Code   RO         5601    i.xTaskIncrementTick  tasks.o
    0x080078f8   0x080078f8   0x000000c4   Code   RO         5607    i.xTaskResumeAll    tasks.o
    0x080079bc   0x080079bc   0x00000018   Code   RO         6407    x$fpl$basic         fz_wm.l(basic.o)
    0x080079d4   0x080079d4   0x00000062   Code   RO         6409    x$fpl$d2f           fz_wm.l(d2f.o)
    0x08007a36   0x08007a36   0x00000002   PAD
    0x08007a38   0x08007a38   0x00000150   Code   RO         6411    x$fpl$dadd          fz_wm.l(daddsub_clz.o)
    0x08007b88   0x08007b88   0x00000018   Code   RO         6613    x$fpl$dcmpinf       fz_wm.l(dcmpi.o)
    0x08007ba0   0x08007ba0   0x000002b0   Code   RO         6418    x$fpl$ddiv          fz_wm.l(ddiv.o)
    0x08007e50   0x08007e50   0x00000078   Code   RO         6615    x$fpl$deqf          fz_wm.l(deqf.o)
    0x08007ec8   0x08007ec8   0x0000005a   Code   RO         6425    x$fpl$dfixu         fz_wm.l(dfixu.o)
    0x08007f22   0x08007f22   0x0000002e   Code   RO         6430    x$fpl$dflt          fz_wm.l(dflt_clz.o)
    0x08007f50   0x08007f50   0x00000026   Code   RO         6429    x$fpl$dfltu         fz_wm.l(dflt_clz.o)
    0x08007f76   0x08007f76   0x00000002   PAD
    0x08007f78   0x08007f78   0x00000078   Code   RO         6435    x$fpl$dleqf         fz_wm.l(dleqf.o)
    0x08007ff0   0x08007ff0   0x00000154   Code   RO         6437    x$fpl$dmul          fz_wm.l(dmul.o)
    0x08008144   0x08008144   0x0000009c   Code   RO         6617    x$fpl$dnaninf       fz_wm.l(dnaninf.o)
    0x080081e0   0x080081e0   0x0000000c   Code   RO         6619    x$fpl$dretinf       fz_wm.l(dretinf.o)
    0x080081ec   0x080081ec   0x0000006c   Code   RO         6439    x$fpl$drleqf        fz_wm.l(drleqf.o)
    0x08008258   0x08008258   0x00000016   Code   RO         6412    x$fpl$drsb          fz_wm.l(daddsub_clz.o)
    0x0800826e   0x0800826e   0x00000002   PAD
    0x08008270   0x08008270   0x00000198   Code   RO         6621    x$fpl$dsqrt         fz_wm.l(dsqrt_umaal.o)
    0x08008408   0x08008408   0x000001d4   Code   RO         6413    x$fpl$dsub          fz_wm.l(daddsub_clz.o)
    0x080085dc   0x080085dc   0x00000056   Code   RO         6441    x$fpl$f2d           fz_wm.l(f2d.o)
    0x08008632   0x08008632   0x0000008c   Code   RO         6623    x$fpl$fnaninf       fz_wm.l(fnaninf.o)
    0x080086be   0x080086be   0x0000000a   Code   RO         6860    x$fpl$fpinit        fz_wm.l(fpinit.o)
    0x080086c8   0x080086c8   0x0000000a   Code   RO         6625    x$fpl$fretinf       fz_wm.l(fretinf.o)
    0x080086d2   0x080086d2   0x00000000   Code   RO         6637    x$fpl$usenofp       fz_wm.l(usenofp.o)
    0x080086d2   0x080086d2   0x00000002   PAD
    0x080086d4   0x080086d4   0x0000001c   Data   RO          308    .constdata          freertos.o
    0x080086f0   0x080086f0   0x00000008   Data   RO         1609    .constdata          stm32f4xx_hal_dma.o
    0x080086f8   0x080086f8   0x00000010   Data   RO         3951    .constdata          system_stm32f4xx.o
    0x08008708   0x08008708   0x00000008   Data   RO         3952    .constdata          system_stm32f4xx.o
    0x08008710   0x08008710   0x000000a8   Data   RO         4062    .constdata          buzzer_bsp.o
    0x080087b8   0x080087b8   0x00000014   Data   RO         4724    .constdata          imu_bsp.o
    0x080087cc   0x080087cc   0x00000004   PAD
    0x080087d0   0x080087d0   0x00000050   Data   RO         6446    .constdata          m_wm.l(asin.o)
    0x08008820   0x08008820   0x00000098   Data   RO         6641    .constdata          m_wm.l(atan.o)
    0x080088b8   0x080088b8   0x00000008   Data   RO         6673    .constdata          m_wm.l(qnan.o)
    0x080088c0   0x080088c0   0x0000000c   Data   RO          309    .conststring        freertos.o
    0x080088cc   0x080088cc   0x00000020   Data   RO         6918    Region$$Table       anon$$obj.o


    Execution Region RW_IRAM2 (Exec base: 0x10000000, Load base: 0x08008908, Size: 0x00000000, Max: 0x00010000, ABSOLUTE)

    **** No section assigned to this execution region ****


    Execution Region RW_IRAM1 (Exec base: 0x20000000, Load base: 0x080088ec, Size: 0x000062e0, Max: 0x00030000, ABSOLUTE, COMPRESSED[0x0000001c])

    Exec Addr    Load Addr    Size         Type   Attr      Idx    E Section Name        Object

    0x20000000   COMPRESSED   0x00000004   Data   RW          310    .data               freertos.o
    0x20000004   COMPRESSED   0x00000004   Data   RW          362    .data               can.o
    0x20000008   COMPRESSED   0x00000001   Data   RW          559    .data               usart.o
    0x20000009   COMPRESSED   0x00000001   Data   RW          560    .data               usart.o
    0x2000000a   COMPRESSED   0x00000001   Data   RW          561    .data               usart.o
    0x2000000b   COMPRESSED   0x00000001   Data   RW          562    .data               usart.o
    0x2000000c   COMPRESSED   0x00000001   Data   RW          563    .data               usart.o
    0x2000000d   COMPRESSED   0x00000001   Data   RW          564    .data               usart.o
    0x2000000e   COMPRESSED   0x00000001   Data   RW          565    .data               usart.o
    0x2000000f   COMPRESSED   0x00000001   Data   RW          566    .data               usart.o
    0x20000010   COMPRESSED   0x00000002   Data   RW          648    .data               stm32f4xx_it.o
    0x20000012   COMPRESSED   0x00000002   PAD
    0x20000014   COMPRESSED   0x0000000c   Data   RW         2056    .data               stm32f4xx_hal.o
    0x20000020   COMPRESSED   0x00000004   Data   RW         3953    .data               system_stm32f4xx.o
    0x20000024   COMPRESSED   0x00000004   PAD
    0x20000028   COMPRESSED   0x00000050   Data   RW         4158    .data               usart_bsp.o
    0x20000078   COMPRESSED   0x00000050   Data   RW         4241    .data               can_bsp.o
    0x200000c8   COMPRESSED   0x0000008c   Data   RW         4725    .data               imu_bsp.o
    0x20000154   COMPRESSED   0x00000010   Data   RW         5040    .data               task_user.o
    0x20000164   COMPRESSED   0x0000003c   Data   RW         5610    .data               tasks.o
    0x200001a0   COMPRESSED   0x00000020   Data   RW         6254    .data               heap_4.o
    0x200001c0   COMPRESSED   0x0000000c   Data   RW         6322    .data               port.o
    0x200001cc        -       0x00000254   Zero   RW          307    .bss                freertos.o
    0x20000420        -       0x00000050   Zero   RW          361    .bss                can.o
    0x20000470        -       0x00000058   Zero   RW          433    .bss                spi.o
    0x200004c8        -       0x000001b0   Zero   RW          481    .bss                tim.o
    0x20000678        -       0x000000c8   Zero   RW          557    .bss                usart.o
    0x20000740        -       0x0000058c   Zero   RW          558    .bss                usart.o
    0x20000ccc        -       0x00000048   Zero   RW          813    .bss                stm32f4xx_hal_timebase_tim.o
    0x20000d14   COMPRESSED   0x00000004   PAD
    0x20000d18        -       0x00000358   Zero   RW         4239    .bss                can_bsp.o
    0x20001070        -       0x0000000c   Zero   RW         4386    .bss                rc_bsp.o
    0x2000107c        -       0x00000048   Zero   RW         4388    .bss                rc_bsp.o
    0x200010c4        -       0x00000062   Zero   RW         4723    .bss                imu_bsp.o
    0x20001126   COMPRESSED   0x00000002   PAD
    0x20001128        -       0x00000e68   Zero   RW         4858    .bss                chassis.o
    0x20001f90        -       0x000000f0   Zero   RW         5609    .bss                tasks.o
    0x20002080        -       0x00003c00   Zero   RW         6253    .bss                heap_4.o
    0x20005c80        -       0x00000060   Zero   RW         6728    .bss                c_w.l(libspace.o)
    0x20005ce0        -       0x00000200   Zero   RW            2    HEAP                startup_stm32f427xx.o
    0x20005ee0        -       0x00000400   Zero   RW            1    STACK               startup_stm32f427xx.o


==============================================================================

Image component sizes


      Code (inc. data)   RO Data    RW Data    ZI Data      Debug   Object Name

        22          0          0          0          0        498   as5600.o
       152         28        168          0          0       1595   buzzer_bsp.o
       388         40          0          4         80       2422   can.o
       568         38          0         80        856       6227   can_bsp.o
      1072         66          0          0       3688       4718   chassis.o
       120          0          0          0          0      23313   cmsis_os.o
         8          0          0          0          0        506   delay_bsp.o
       124          4          0          0          0        814   dma.o
         0          0          0          0          0      16948   event_groups.o
        68         14         40          4        596       6862   freertos.o
       536         24          0          0          0       1263   gpio.o
       472         24          0         32      15360       7419   heap_4.o
       724         64          0          0          0       4648   iic_bsp.o
      3712        260         20        140         98      15328   imu_bsp.o
        56         14          0          0          0        473   led_bsp.o
       138          0          0          0          0       3554   list.o
       294         20          0          0          0     789396   main.o
       302         22          0          0          0       3139   pid_bsp.o
       702         72          0         12          0      10952   port.o
       288         28          0          0          0        967   pwm_bsp.o
       290         16          0          0         84       3159   rc_bsp.o
       176         22          0          0         88       1641   spi.o
        64         26        428          0       1536        840   startup_stm32f427xx.o
       116         18          0         12          0       8842   stm32f4xx_hal.o
      1438          6          0          0          0      13076   stm32f4xx_hal_can.o
       158         14          0          0          0      33170   stm32f4xx_hal_cortex.o
      1084         16          8          0          0       7322   stm32f4xx_hal_dma.o
       600         60          0          0          0       3368   stm32f4xx_hal_gpio.o
        56          4          0          0          0        830   stm32f4xx_hal_msp.o
      1412         86          0          0          0       5873   stm32f4xx_hal_rcc.o
       942         12          0          0          0       4897   stm32f4xx_hal_spi.o
      2140        166          0          0          0      17527   stm32f4xx_hal_tim.o
       232         28          0          0          0       3257   stm32f4xx_hal_tim_ex.o
       152         20          0          0         72       1448   stm32f4xx_hal_timebase_tim.o
      1838         30          0          0          0      13781   stm32f4xx_hal_uart.o
       834        160          0          2          0      12528   stm32f4xx_it.o
         0          0          0          0          0        444   stream_buffer.o
        16          4         24          4          0       1095   system_stm32f4xx.o
       276         94          0         16          0       2922   task_user.o
      1692        126          0         60        240      20340   tasks.o
      1668        118          0          0        432       6635   tim.o
      1140        114          0          8       1620       5471   usart.o
      1064         72          0         80          0       5475   usart_bsp.o

    ----------------------------------------------------------------------
     27176       1930        724        460      24756    1074983   Object Totals
         0          0         32          0          0          0   (incl. Generated)
        42          0          4          6          6          0   (incl. Padding)

    ----------------------------------------------------------------------

      Code (inc. data)   RO Data    RW Data    ZI Data      Debug   Library Member Name

        58          0          0          0          0          0   __dczerorl.o
         8          0          0          0          0         68   __main.o
         0          0          0          0          0          0   __rtentry.o
        12          0          0          0          0          0   __rtentry2.o
         6          0          0          0          0          0   __rtentry4.o
        52          8          0          0          0          0   __scatter.o
        28          0          0          0          0          0   __scatter_zi.o
        22          0          0          0          0        100   _rserrno.o
        18          0          0          0          0         80   exit.o
         6          0          0          0          0        152   heapauxi.o
         0          0          0          0          0          0   indicate_semi.o
         2          0          0          0          0          0   libinit.o
         6          0          0          0          0          0   libinit2.o
         2          0          0          0          0          0   libshutdown.o
         2          0          0          0          0          0   libshutdown2.o
         8          4          0          0         96         68   libspace.o
       238          0          0          0          0        100   lludivv7m.o
         8          4          0          0          0         68   rt_errno_addr_intlibspace.o
        78          0          0          0          0         80   rt_memclr_w.o
       100          0          0          0          0         80   rt_memcpy_w.o
         2          0          0          0          0          0   rtexit.o
        10          0          0          0          0          0   rtexit2.o
        12          4          0          0          0         68   sys_exit.o
        74          0          0          0          0         80   sys_stackheap_outer.o
         2          0          0          0          0         68   use_no_semi.o
        24          0          0          0          0        164   basic.o
        98          4          0          0          0        140   d2f.o
       826         16          0          0          0        492   daddsub_clz.o
        24          0          0          0          0        116   dcmpi.o
       688        140          0          0          0        256   ddiv.o
       120          4          0          0          0        140   deqf.o
        90          4          0          0          0        140   dfixu.o
        84          0          0          0          0        232   dflt_clz.o
       120          4          0          0          0        140   dleqf.o
       340         12          0          0          0        152   dmul.o
       156          4          0          0          0        140   dnaninf.o
        12          0          0          0          0        116   dretinf.o
       108          0          0          0          0        128   drleqf.o
       408         56          0          0          0        168   dsqrt_umaal.o
        86          4          0          0          0        132   f2d.o
       140          4          0          0          0        132   fnaninf.o
        10          0          0          0          0        116   fpinit.o
        10          0          0          0          0        116   fretinf.o
         0          0          0          0          0          0   usenofp.o
       864         94         80          0          0        280   asin.o
       744        106        152          0          0        352   atan.o
       512         64          0          0          0        208   atan2.o
       104         16          0          0          0        496   dunder.o
        44          0          0          0          0        248   fabs.o
        48          0          0          0          0        124   fpclassify.o
       248          0          0          0          0        152   poly.o
         0          0          8          0          0          0   qnan.o
       232          0          0          0          0        296   sqrt.o

    ----------------------------------------------------------------------
      6912        552        240          0         96       6188   Library Totals
        18          0          0          0          0          0   (incl. Padding)

    ----------------------------------------------------------------------

      Code (inc. data)   RO Data    RW Data    ZI Data      Debug   Library Name

       754         20          0          0         96       1012   c_w.l
      3344        252          0          0          0       3020   fz_wm.l
      2796        280        240          0          0       2156   m_wm.l

    ----------------------------------------------------------------------
      6912        552        240          0         96       6188   Library Totals

    ----------------------------------------------------------------------

==============================================================================


      Code (inc. data)   RO Data    RW Data    ZI Data      Debug   

     34088       2482        964        460      24852    1054955   Grand Totals
     34088       2482        964         28      24852    1054955   ELF Image Totals (compressed)
     34088       2482        964         28          0          0   ROM Totals

==============================================================================

    Total RO  Size (Code + RO Data)                35052 (  34.23kB)
    Total RW  Size (RW Data + ZI Data)             25312 (  24.72kB)
    Total ROM Size (Code + RO Data + RW Data)      35080 (  34.26kB)

==============================================================================

